>>> Gate: cooking-et-level-runtime [P1]
Owner: Cooking Game Runtime
Pure .NET Cooking canonical Level lifecycle, obsolete Match compatibility facade, simulation-owned fixed tick, ET relation analyzer, and ET Level host contracts.
Scope: cooking, et-runtime, level-lifecycle, fixed-tick
Required before: merge-cooking-level-lifecycle-or-et-runtime-change, claim-cooking-et-level-runtime-contract
Failure policy: Block Cooking Level lifecycle, fixed-tick, ET relation analyzer, or ET host delivery until both builds and the complete Cooking and ET runtime test projects pass. Do not substitute any transport-level gate for this runtime contract.
Output directory: C:\Users\Administrator\orca\workspaces\AbilityKit\cooking-menu-s04\local\Logs\test-gates\20261002-192610-cooking-et-level-runtime\cooking-et-level-runtime
=== ET relation analyzer build ===
dotnet build C:\Users\Administrator\orca\workspaces\AbilityKit\cooking-menu-s04\src\AbilityKit.ET.RelationAnalyzer\AbilityKit.ET.RelationAnalyzer.csproj -c Debug
  正在确定要还原的项目…
  所有项目均是最新的，无法还原。
  AbilityKit.ET.RelationAnalyzer -> C:\Users\Administrator\orca\workspaces\AbilityKit\cooking-menu-s04\src\AbilityKit.ET.RelationAnalyzer\bin\Debug\netstandard2.0\AbilityKit.ET.RelationAnalyzer.dll

已成功生成。
    0 个警告
    0 个错误

已用时间 00:00:00.40
=== Cooking ET runtime build with relation analyzer ===
dotnet build C:\Users\Administrator\orca\workspaces\AbilityKit\cooking-menu-s04\src\AbilityKit.Game.Cooking.EtRuntime\AbilityKit.Game.Cooking.EtRuntime.csproj -c Debug
  正在确定要还原的项目…
  所有项目均是最新的，无法还原。
  AbilityKit.ET.Runtime -> C:\Users\Administrator\orca\workspaces\AbilityKit\cooking-menu-s04\src\AbilityKit.ET.Runtime\bin\Debug\net10.0\AbilityKit.ET.Runtime.dll
  AbilityKit.Deterministic -> C:\Users\Administrator\orca\workspaces\AbilityKit\cooking-menu-s04\src\AbilityKit.Deterministic\bin\Debug\net10.0\AbilityKit.Deterministic.dll
  AbilityKit.Core -> C:\Users\Administrator\orca\workspaces\AbilityKit\cooking-menu-s04\src\AbilityKit.Core\bin\Debug\net10.0\AbilityKit.Core.dll
  AbilityKit.Protocol -> C:\Users\Administrator\orca\workspaces\AbilityKit\cooking-menu-s04\src\AbilityKit.Protocol\bin\Debug\net10.0\AbilityKit.Protocol.dll
  AbilityKit.Network.Runtime -> C:\Users\Administrator\orca\workspaces\AbilityKit\cooking-menu-s04\src\AbilityKit.Network.Runtime\bin\Debug\net10.0\AbilityKit.Network.Runtime.dll
  AbilityKit.Network.Transport.LiteNet -> C:\Users\Administrator\orca\workspaces\AbilityKit\cooking-menu-s04\src\AbilityKit.Network.Transport.LiteNet\bin\Debug\net10.0\AbilityKit.Network.Transport.LiteNet.dll
  AbilityKit.Game.Cooking -> C:\Users\Administrator\orca\workspaces\AbilityKit\cooking-menu-s04\src\AbilityKit.Game.Cooking\bin\Debug\net10.0\AbilityKit.Game.Cooking.dll
  AbilityKit.ET.RelationAnalyzer -> C:\Users\Administrator\orca\workspaces\AbilityKit\cooking-menu-s04\src\AbilityKit.ET.RelationAnalyzer\bin\Debug\netstandard2.0\AbilityKit.ET.RelationAnalyzer.dll
  AbilityKit.Game.Cooking.EtRuntime -> C:\Users\Administrator\orca\workspaces\AbilityKit\cooking-menu-s04\src\AbilityKit.Game.Cooking.EtRuntime\bin\Debug\net10.0\AbilityKit.Game.Cooking.EtRuntime.dll

已成功生成。
    0 个警告
    0 个错误

已用时间 00:00:01.56
=== Cooking domain and Level lifecycle tests ===
dotnet test C:\Users\Administrator\orca\workspaces\AbilityKit\cooking-menu-s04\src\AbilityKit.Game.Cooking.Tests\AbilityKit.Game.Cooking.Tests.csproj -c Debug -v minimal --logger trx;LogFileName=03-Cooking_domain_and_Level_lifecycle_tests.trx --results-directory C:\Users\Administrator\orca\workspaces\AbilityKit\cooking-menu-s04\local\Logs\test-gates\20261002-192610-cooking-et-level-runtime\cooking-et-level-runtime\test-results
  正在确定要还原的项目…
  所有项目均是最新的，无法还原。
  AbilityKit.Deterministic -> C:\Users\Administrator\orca\workspaces\AbilityKit\cooking-menu-s04\src\AbilityKit.Deterministic\bin\Debug\net10.0\AbilityKit.Deterministic.dll
  AbilityKit.Core -> C:\Users\Administrator\orca\workspaces\AbilityKit\cooking-menu-s04\src\AbilityKit.Core\bin\Debug\net10.0\AbilityKit.Core.dll
  AbilityKit.Protocol -> C:\Users\Administrator\orca\workspaces\AbilityKit\cooking-menu-s04\src\AbilityKit.Protocol\bin\Debug\net10.0\AbilityKit.Protocol.dll
  AbilityKit.Network.Runtime -> C:\Users\Administrator\orca\workspaces\AbilityKit\cooking-menu-s04\src\AbilityKit.Network.Runtime\bin\Debug\net10.0\AbilityKit.Network.Runtime.dll
  AbilityKit.Network.Transport.InMemory -> C:\Users\Administrator\orca\workspaces\AbilityKit\cooking-menu-s04\src\AbilityKit.Network.Transport.InMemory\bin\Debug\net10.0\AbilityKit.Network.Transport.InMemory.dll
  AbilityKit.Network.Transport.LiteNet -> C:\Users\Administrator\orca\workspaces\AbilityKit\cooking-menu-s04\src\AbilityKit.Network.Transport.LiteNet\bin\Debug\net10.0\AbilityKit.Network.Transport.LiteNet.dll
  AbilityKit.Game.Cooking -> C:\Users\Administrator\orca\workspaces\AbilityKit\cooking-menu-s04\src\AbilityKit.Game.Cooking\bin\Debug\net10.0\AbilityKit.Game.Cooking.dll
  AbilityKit.Game.Cooking.Tests -> C:\Users\Administrator\orca\workspaces\AbilityKit\cooking-menu-s04\src\AbilityKit.Game.Cooking.Tests\bin\Debug\net10.0\AbilityKit.Game.Cooking.Tests.dll
C:\Users\Administrator\orca\workspaces\AbilityKit\cooking-menu-s04\src\AbilityKit.Game.Cooking.Tests\bin\Debug\net10.0\AbilityKit.Game.Cooking.Tests.dll (.NETCoreApp,Version=v10.0)的测试运行
总共 1 个测试文件与指定模式相匹配。
结果文件: C:\Users\Administrator\orca\workspaces\AbilityKit\cooking-menu-s04\local\Logs\test-gates\20261002-192610-cooking-et-level-runtime\cooking-et-level-runtime\test-results\03-Cooking_domain_and_Level_lifecycle_tests.trx

已通过! - 失败:     0，通过:   402，已跳过:     0，总计:   402，持续时间: 4 s - AbilityKit.Game.Cooking.Tests.dll (net10.0)
=== Cooking ET Level host and runtime tests ===
dotnet test C:\Users\Administrator\orca\workspaces\AbilityKit\cooking-menu-s04\src\AbilityKit.ET.Runtime.Tests\AbilityKit.ET.Runtime.Tests.csproj -c Debug -v minimal --logger trx;LogFileName=04-Cooking_ET_Level_host_and_runtime_tests.trx --results-directory C:\Users\Administrator\orca\workspaces\AbilityKit\cooking-menu-s04\local\Logs\test-gates\20261002-192610-cooking-et-level-runtime\cooking-et-level-runtime\test-results
  正在确定要还原的项目…
  所有项目均是最新的，无法还原。
  AbilityKit.ET.RelationAnalyzer -> C:\Users\Administrator\orca\workspaces\AbilityKit\cooking-menu-s04\src\AbilityKit.ET.RelationAnalyzer\bin\Debug\netstandard2.0\AbilityKit.ET.RelationAnalyzer.dll
  AbilityKit.ET.Runtime -> C:\Users\Administrator\orca\workspaces\AbilityKit\cooking-menu-s04\src\AbilityKit.ET.Runtime\bin\Debug\net10.0\AbilityKit.ET.Runtime.dll
  AbilityKit.Deterministic -> C:\Users\Administrator\orca\workspaces\AbilityKit\cooking-menu-s04\src\AbilityKit.Deterministic\bin\Debug\net10.0\AbilityKit.Deterministic.dll
  AbilityKit.Core -> C:\Users\Administrator\orca\workspaces\AbilityKit\cooking-menu-s04\src\AbilityKit.Core\bin\Debug\net10.0\AbilityKit.Core.dll
  AbilityKit.Protocol -> C:\Users\Administrator\orca\workspaces\AbilityKit\cooking-menu-s04\src\AbilityKit.Protocol\bin\Debug\net10.0\AbilityKit.Protocol.dll
  AbilityKit.Network.Runtime -> C:\Users\Administrator\orca\workspaces\AbilityKit\cooking-menu-s04\src\AbilityKit.Network.Runtime\bin\Debug\net10.0\AbilityKit.Network.Runtime.dll
  AbilityKit.Network.Transport.LiteNet -> C:\Users\Administrator\orca\workspaces\AbilityKit\cooking-menu-s04\src\AbilityKit.Network.Transport.LiteNet\bin\Debug\net10.0\AbilityKit.Network.Transport.LiteNet.dll
  AbilityKit.Game.Cooking -> C:\Users\Administrator\orca\workspaces\AbilityKit\cooking-menu-s04\src\AbilityKit.Game.Cooking\bin\Debug\net10.0\AbilityKit.Game.Cooking.dll
  AbilityKit.Game.Cooking.EtRuntime -> C:\Users\Administrator\orca\workspaces\AbilityKit\cooking-menu-s04\src\AbilityKit.Game.Cooking.EtRuntime\bin\Debug\net10.0\AbilityKit.Game.Cooking.EtRuntime.dll
  AbilityKit.ET.Runtime.Tests -> C:\Users\Administrator\orca\workspaces\AbilityKit\cooking-menu-s04\src\AbilityKit.ET.Runtime.Tests\bin\Debug\net10.0\AbilityKit.ET.Runtime.Tests.dll
C:\Users\Administrator\orca\workspaces\AbilityKit\cooking-menu-s04\src\AbilityKit.ET.Runtime.Tests\bin\Debug\net10.0\AbilityKit.ET.Runtime.Tests.dll (.NETCoreApp,Version=v10.0)的测试运行
总共 1 个测试文件与指定模式相匹配。
结果文件: C:\Users\Administrator\orca\workspaces\AbilityKit\cooking-menu-s04\local\Logs\test-gates\20261002-192610-cooking-et-level-runtime\cooking-et-level-runtime\test-results\04-Cooking_ET_Level_host_and_runtime_tests.trx

已通过! - 失败:     0，通过:   160，已跳过:     0，总计:   160，持续时间: 7 s - AbilityKit.ET.Runtime.Tests.dll (net10.0)

Gate 'cooking-et-level-runtime' passed in 19.2s.
Summary: C:\Users\Administrator\orca\workspaces\AbilityKit\cooking-menu-s04\local\Logs\test-gates\20261002-192610-cooking-et-level-runtime\cooking-et-level-runtime\gate-summary.json
