<?xml version="1.0" encoding="utf-8"?>
<TestRun id="467c0c53-6b06-4e53-95a8-cea7541867b4" name="neko@DESKTOP-PSLTKHU 2026-09-17 11:33:10" runUser="DESKTOP-PSLTKHU\neko" xmlns="http://microsoft.com/schemas/VisualStudio/TeamTest/2010">
  <Times creation="2026-09-17T11:33:10.2013333+08:00" queuing="2026-09-17T11:33:10.2013334+08:00" start="2026-09-17T11:33:08.3475823+08:00" finish="2026-09-17T11:33:10.3118659+08:00" />
  <TestSettings name="default" id="58859bd1-b133-40e4-90b7-a08ce26925d1">
    <Deployment runDeploymentRoot="neko_DESKTOP-PSLTKHU_2026-09-17_11_33_10" />
  </TestSettings>
  <Results>
    <UnitTestResult executionId="244f4962-8cc8-48ac-aec7-c9d3a45c55cb" testId="5a4dae14-a728-f2c6-797a-8c11b5d16730" testName="AbilityKit.Game.Cooking.Tests.CookingInteractionFoundationTests.T05_host_and_remote_adapters_share_the_same_authority_path" computerName="DESKTOP-PSLTKHU" duration="00:00:00.0166132" startTime="2026-09-17T11:33:10.1878006+08:00" endTime="2026-09-17T11:33:10.1878009+08:00" testType="13cdc9d9-ddb5-4fa4-a97d-d965ccfc6d4b" outcome="Passed" testListId="8c84fa94-04c1-424b-9868-57a2d4851a1d" relativeResultsDirectory="244f4962-8cc8-48ac-aec7-c9d3a45c55cb" />
    <UnitTestResult executionId="18c88594-ba99-4220-9699-632f9b4a84ed" testId="d92579a9-5349-7beb-352f-da6d166c297e" testName="AbilityKit.Game.Cooking.Tests.CookingLanSessionContractTests.L09_transport_loss_marks_the_connection_unsynchronized_without_authority_mutation" computerName="DESKTOP-PSLTKHU" duration="00:00:00.0239397" startTime="2026-09-17T11:33:10.1534223+08:00" endTime="2026-09-17T11:33:10.1534224+08:00" testType="13cdc9d9-ddb5-4fa4-a97d-d965ccfc6d4b" outcome="Passed" testListId="8c84fa94-04c1-424b-9868-57a2d4851a1d" relativeResultsDirectory="18c88594-ba99-4220-9699-632f9b4a84ed" />
    <UnitTestResult executionId="673ad833-c8b2-4589-99da-1c84b60cc0ce" testId="69655d25-5de4-f687-88ca-4c8d8c23be62" testName="AbilityKit.Game.Cooking.Tests.CookingInteractionFoundationTests.Command_identity_conflict_and_mixed_batches_are_rejected_without_mutation" computerName="DESKTOP-PSLTKHU" duration="00:00:00.0015203" startTime="2026-09-17T11:33:10.1453065+08:00" endTime="2026-09-17T11:33:10.1453065+08:00" testType="13cdc9d9-ddb5-4fa4-a97d-d965ccfc6d4b" outcome="Passed" testListId="8c84fa94-04c1-424b-9868-57a2d4851a1d" relativeResultsDirectory="673ad833-c8b2-4589-99da-1c84b60cc0ce" />
    <UnitTestResult executionId="8e21fbad-40bd-46cc-bf3f-a7209438bf41" testId="2dd794a3-99fd-0d50-4d32-35a809ed4927" testName="AbilityKit.Game.Cooking.Tests.CookingRecipeLoopTests.R06_host_local_and_remote_in_process_follow_the_same_recipe_authority_path" computerName="DESKTOP-PSLTKHU" duration="00:00:00.0058100" startTime="2026-09-17T11:33:10.1965881+08:00" endTime="2026-09-17T11:33:10.1965882+08:00" testType="13cdc9d9-ddb5-4fa4-a97d-d965ccfc6d4b" outcome="Passed" testListId="8c84fa94-04c1-424b-9868-57a2d4851a1d" relativeResultsDirectory="8e21fbad-40bd-46cc-bf3f-a7209438bf41" />
    <UnitTestResult executionId="c05dee25-6bea-49ef-98c4-d8438c1fe7ac" testId="aa6ae7c6-4415-cd93-d18d-987437b8be2e" testName="AbilityKit.Game.Cooking.Tests.CookingRecipeLoopTests.R04_replay_is_idempotent_and_consumed_product_cannot_be_resubmitted" computerName="DESKTOP-PSLTKHU" duration="00:00:00.0147559" startTime="2026-09-17T11:33:10.2481673+08:00" endTime="2026-09-17T11:33:10.2481677+08:00" testType="13cdc9d9-ddb5-4fa4-a97d-d965ccfc6d4b" outcome="Passed" testListId="8c84fa94-04c1-424b-9868-57a2d4851a1d" relativeResultsDirectory="c05dee25-6bea-49ef-98c4-d8438c1fe7ac" />
    <UnitTestResult executionId="f5bbe757-53c1-4f8e-84dc-cbef54db804f" testId="c0e66e64-3fa6-38cb-4652-e97871f5b8b4" testName="AbilityKit.Game.Cooking.Tests.CookingPersistenceManagementTests.P02_same_identity_is_idempotent_and_conflicting_payload_is_rejected_without_mutation" computerName="DESKTOP-PSLTKHU" duration="00:00:00.0199191" startTime="2026-09-17T11:33:10.1894706+08:00" endTime="2026-09-17T11:33:10.1894708+08:00" testType="13cdc9d9-ddb5-4fa4-a97d-d965ccfc6d4b" outcome="Passed" testListId="8c84fa94-04c1-424b-9868-57a2d4851a1d" relativeResultsDirectory="f5bbe757-53c1-4f8e-84dc-cbef54db804f" />
    <UnitTestResult executionId="961cb5c5-d011-4e2a-9f3f-49edf1a09717" testId="a01f38b6-b08b-c0b4-d844-fb5f0b0d6cb2" testName="AbilityKit.Game.Cooking.Tests.CookingInteractionFoundationTests.T02_lifecycle_and_scope_rejections_do_not_mutate_authority" computerName="DESKTOP-PSLTKHU" duration="00:00:00.1941786" startTime="2026-09-17T11:33:10.1439661+08:00" endTime="2026-09-17T11:33:10.1439662+08:00" testType="13cdc9d9-ddb5-4fa4-a97d-d965ccfc6d4b" outcome="Passed" testListId="8c84fa94-04c1-424b-9868-57a2d4851a1d" relativeResultsDirectory="961cb5c5-d011-4e2a-9f3f-49edf1a09717" />
    <UnitTestResult executionId="ecc96fa6-de65-4a8d-a59c-759fdb720e20" testId="fb53f050-535c-36d6-256f-e3caf19b8cde" testName="AbilityKit.Game.Cooking.Tests.CookingPersistenceManagementTests.P01_confirmed_settlement_mutates_only_long_term_progress_fields" computerName="DESKTOP-PSLTKHU" duration="00:00:00.0098486" startTime="2026-09-17T11:33:10.2069903+08:00" endTime="2026-09-17T11:33:10.2069906+08:00" testType="13cdc9d9-ddb5-4fa4-a97d-d965ccfc6d4b" outcome="Passed" testListId="8c84fa94-04c1-424b-9868-57a2d4851a1d" relativeResultsDirectory="ecc96fa6-de65-4a8d-a59c-759fdb720e20" />
    <UnitTestResult executionId="b331b060-d5a3-464d-8d71-ace93de3c496" testId="95460e58-56c8-ad7a-8633-157233864130" testName="AbilityKit.Game.Cooking.Tests.CookingMatchLifecycleTests.M06_M07_old_scope_epoch_and_out_of_order_lifecycle_snapshots_do_not_replace_watermark" computerName="DESKTOP-PSLTKHU" duration="00:00:00.0022029" startTime="2026-09-17T11:33:10.1542599+08:00" endTime="2026-09-17T11:33:10.1542600+08:00" testType="13cdc9d9-ddb5-4fa4-a97d-d965ccfc6d4b" outcome="Passed" testListId="8c84fa94-04c1-424b-9868-57a2d4851a1d" relativeResultsDirectory="b331b060-d5a3-464d-8d71-ace93de3c496" />
    <UnitTestResult executionId="dc7af767-0fbc-4afc-a317-82e6a96a5296" testId="ee544e95-7278-d2b2-6e75-bcc9e1415165" testName="AbilityKit.Game.Cooking.Tests.CookingPersistenceManagementTests.P05_postcommit_response_loss_restarts_and_retries_without_duplicate_reward" computerName="DESKTOP-PSLTKHU" duration="00:00:00.0193192" startTime="2026-09-17T11:33:10.1452673+08:00" endTime="2026-09-17T11:33:10.1452674+08:00" testType="13cdc9d9-ddb5-4fa4-a97d-d965ccfc6d4b" outcome="Passed" testListId="8c84fa94-04c1-424b-9868-57a2d4851a1d" relativeResultsDirectory="dc7af767-0fbc-4afc-a317-82e6a96a5296" />
    <UnitTestResult executionId="2b9ac315-abc5-4553-9301-20ee6441207e" testId="a79a77c4-7b89-2b9f-2b5e-dc4c353035b1" testName="AbilityKit.Game.Cooking.Tests.CookingRecipeLoopTests.R03_rejected_order_preserves_successfully_plated_product" computerName="DESKTOP-PSLTKHU" duration="00:00:00.0088936" startTime="2026-09-17T11:33:10.2571446+08:00" endTime="2026-09-17T11:33:10.2571449+08:00" testType="13cdc9d9-ddb5-4fa4-a97d-d965ccfc6d4b" outcome="Passed" testListId="8c84fa94-04c1-424b-9868-57a2d4851a1d" relativeResultsDirectory="2b9ac315-abc5-4553-9301-20ee6441207e" />
    <UnitTestResult executionId="0671961f-232d-4dfa-a007-172b9424f24f" testId="bb81b639-17b4-6151-6f61-f74daa3a32a1" testName="AbilityKit.Game.Cooking.Tests.CookingRecipeLoopTests.R05_second_recipe_and_appliance_fixture_uses_the_same_rules_without_recipe_branches" computerName="DESKTOP-PSLTKHU" duration="00:00:00.2433228" startTime="2026-09-17T11:33:10.1857213+08:00" endTime="2026-09-17T11:33:10.1857217+08:00" testType="13cdc9d9-ddb5-4fa4-a97d-d965ccfc6d4b" outcome="Passed" testListId="8c84fa94-04c1-424b-9868-57a2d4851a1d" relativeResultsDirectory="0671961f-232d-4dfa-a007-172b9424f24f" />
    <UnitTestResult executionId="3f445500-82d0-4811-a242-7825d428cb53" testId="2d742148-5755-f635-a901-9e941fb9d5ba" testName="AbilityKit.Game.Cooking.Tests.CookingRecipeLoopTests.R01_single_input_single_process_three_ticks_plate_and_accepted_order_complete_once" computerName="DESKTOP-PSLTKHU" duration="00:00:00.0218529" startTime="2026-09-17T11:33:10.2184762+08:00" endTime="2026-09-17T11:33:10.2184764+08:00" testType="13cdc9d9-ddb5-4fa4-a97d-d965ccfc6d4b" outcome="Passed" testListId="8c84fa94-04c1-424b-9868-57a2d4851a1d" relativeResultsDirectory="3f445500-82d0-4811-a242-7825d428cb53" />
    <UnitTestResult executionId="b106adf2-5d1f-4be5-8250-75ca3cf7947b" testId="17da35f3-d035-248a-ac5f-4670f2fb5f3c" testName="AbilityKit.Game.Cooking.Tests.CookingLanSessionContractTests.L04_and_L05_baseline_precedes_delta_and_sequence_failures_become_unsynchronized" computerName="DESKTOP-PSLTKHU" duration="00:00:00.0179775" startTime="2026-09-17T11:33:10.1909860+08:00" endTime="2026-09-17T11:33:10.1909861+08:00" testType="13cdc9d9-ddb5-4fa4-a97d-d965ccfc6d4b" outcome="Passed" testListId="8c84fa94-04c1-424b-9868-57a2d4851a1d" relativeResultsDirectory="b106adf2-5d1f-4be5-8250-75ca3cf7947b" />
    <UnitTestResult executionId="d88081a5-f869-44b7-8724-c3309f64d7b3" testId="48e302bf-fb26-c973-a4da-539cd3a0c85a" testName="AbilityKit.Game.Cooking.Tests.CookingInteractionFoundationTests.T07_duplicate_command_is_idempotent" computerName="DESKTOP-PSLTKHU" duration="00:00:00.0197159" startTime="2026-09-17T11:33:10.2075760+08:00" endTime="2026-09-17T11:33:10.2075762+08:00" testType="13cdc9d9-ddb5-4fa4-a97d-d965ccfc6d4b" outcome="Passed" testListId="8c84fa94-04c1-424b-9868-57a2d4851a1d" relativeResultsDirectory="d88081a5-f869-44b7-8724-c3309f64d7b3" />
    <UnitTestResult executionId="c7781c0a-7a11-42d5-9447-e36d188cc4dd" testId="a997a01b-6a8b-c962-d2a1-5118cbe3439f" testName="AbilityKit.Game.Cooking.Tests.CookingPersistenceManagementTests.codec_rejects_malformed_and_oversized_records_without_throwing" computerName="DESKTOP-PSLTKHU" duration="00:00:00.0002167" startTime="2026-09-17T11:33:10.1695027+08:00" endTime="2026-09-17T11:33:10.1695028+08:00" testType="13cdc9d9-ddb5-4fa4-a97d-d965ccfc6d4b" outcome="Passed" testListId="8c84fa94-04c1-424b-9868-57a2d4851a1d" relativeResultsDirectory="c7781c0a-7a11-42d5-9447-e36d188cc4dd" />
    <UnitTestResult executionId="64ed3a6c-614b-4410-8758-31d3596d7468" testId="8b031df4-83ca-7e5a-2b61-21d19364664b" testName="AbilityKit.Game.Cooking.Tests.CookingLanSessionContractTests.L01_host_local_and_remote_in_process_share_one_authority_batch" computerName="DESKTOP-PSLTKHU" duration="00:00:00.0241163" startTime="2026-09-17T11:33:10.2151440+08:00" endTime="2026-09-17T11:33:10.2151441+08:00" testType="13cdc9d9-ddb5-4fa4-a97d-d965ccfc6d4b" outcome="Passed" testListId="8c84fa94-04c1-424b-9868-57a2d4851a1d" relativeResultsDirectory="64ed3a6c-614b-4410-8758-31d3596d7468" />
    <UnitTestResult executionId="45a36f56-d5a5-482b-9bbe-c0d09d9e1688" testId="1ca31eb0-aec2-7f10-88ae-697689f7345f" testName="AbilityKit.Game.Cooking.Tests.CookingMatchLifecycleTests.M05_parallel_matches_keep_recipe_ticks_products_orders_and_snapshots_isolated" computerName="DESKTOP-PSLTKHU" duration="00:00:00.0024788" startTime="2026-09-17T11:33:10.1520001+08:00" endTime="2026-09-17T11:33:10.1520002+08:00" testType="13cdc9d9-ddb5-4fa4-a97d-d965ccfc6d4b" outcome="Passed" testListId="8c84fa94-04c1-424b-9868-57a2d4851a1d" relativeResultsDirectory="45a36f56-d5a5-482b-9bbe-c0d09d9e1688" />
    <UnitTestResult executionId="07a14b64-97dc-4048-bd87-67d2f91d9113" testId="9305b0ff-c894-814a-ea29-7d43c21bd532" testName="AbilityKit.Game.Cooking.Tests.CookingInteractionFoundationTests.T03_validation_rejections_have_stable_reasons_and_no_mutation" computerName="DESKTOP-PSLTKHU" duration="00:00:00.0154395" startTime="2026-09-17T11:33:10.2482233+08:00" endTime="2026-09-17T11:33:10.2482234+08:00" testType="13cdc9d9-ddb5-4fa4-a97d-d965ccfc6d4b" outcome="Passed" testListId="8c84fa94-04c1-424b-9868-57a2d4851a1d" relativeResultsDirectory="07a14b64-97dc-4048-bd87-67d2f91d9113" />
    <UnitTestResult executionId="e4ccc37f-e79f-4f58-b683-a2adf71684a3" testId="b63664ae-b7bd-b1c9-5376-fb5a91cfe733" testName="AbilityKit.Game.Cooking.Tests.CookingConfigurationValidationTests.C04_C05_recipe_and_appliance_extensions_are_validated_by_data_without_rule_branches" computerName="DESKTOP-PSLTKHU" duration="00:00:00.0107866" startTime="2026-09-17T11:33:10.1438106+08:00" endTime="2026-09-17T11:33:10.1438106+08:00" testType="13cdc9d9-ddb5-4fa4-a97d-d965ccfc6d4b" outcome="Passed" testListId="8c84fa94-04c1-424b-9868-57a2d4851a1d" relativeResultsDirectory="e4ccc37f-e79f-4f58-b683-a2adf71684a3" />
    <UnitTestResult executionId="a864b182-c837-4b7f-8ac5-8948a84e004a" testId="0f4046c2-2508-3551-3190-bbadd41b690f" testName="AbilityKit.Game.Cooking.Tests.CookingLanSessionContractTests.L03_handshake_rejections_do_not_create_gameplay_binding" computerName="DESKTOP-PSLTKHU" duration="00:00:00.0002196" startTime="2026-09-17T11:33:10.2161765+08:00" endTime="2026-09-17T11:33:10.2161766+08:00" testType="13cdc9d9-ddb5-4fa4-a97d-d965ccfc6d4b" outcome="Passed" testListId="8c84fa94-04c1-424b-9868-57a2d4851a1d" relativeResultsDirectory="a864b182-c837-4b7f-8ac5-8948a84e004a" />
    <UnitTestResult executionId="bc47b046-15bd-4e23-a0d5-de35f110d03d" testId="5751ef94-40af-3366-b683-d68d34209f9b" testName="AbilityKit.Game.Cooking.Tests.CookingPersistenceManagementTests.P06_interrupted_write_never_becomes_visible_to_readers" computerName="DESKTOP-PSLTKHU" duration="00:00:00.1751852" startTime="2026-09-17T11:33:10.1424052+08:00" endTime="2026-09-17T11:33:10.1424053+08:00" testType="13cdc9d9-ddb5-4fa4-a97d-d965ccfc6d4b" outcome="Passed" testListId="8c84fa94-04c1-424b-9868-57a2d4851a1d" relativeResultsDirectory="bc47b046-15bd-4e23-a0d5-de35f110d03d" />
    <UnitTestResult executionId="31018044-47a6-4efe-85ee-a9ef9a3cb5f5" testId="1f90ae20-7082-e2b4-52af-e25301d80e13" testName="AbilityKit.Game.Cooking.Tests.CookingPersistenceManagementTests.P10_owner_save_and_exit_policies_remain_blocked_without_default_behavior" computerName="DESKTOP-PSLTKHU" duration="00:00:00.0003083" startTime="2026-09-17T11:33:10.1692501+08:00" endTime="2026-09-17T11:33:10.1692502+08:00" testType="13cdc9d9-ddb5-4fa4-a97d-d965ccfc6d4b" outcome="Passed" testListId="8c84fa94-04c1-424b-9868-57a2d4851a1d" relativeResultsDirectory="31018044-47a6-4efe-85ee-a9ef9a3cb5f5" />
    <UnitTestResult executionId="e03574c2-0ed3-40d3-be9f-1a3f629948cc" testId="2c608a2d-4a47-b934-05ca-184d3036a6e4" testName="AbilityKit.Game.Cooking.Tests.CookingRecipeLoopTests.R03_submission_requires_reachability_and_container_slots_are_unique" computerName="DESKTOP-PSLTKHU" duration="00:00:00.0049322" startTime="2026-09-17T11:33:10.1907122+08:00" endTime="2026-09-17T11:33:10.1907123+08:00" testType="13cdc9d9-ddb5-4fa4-a97d-d965ccfc6d4b" outcome="Passed" testListId="8c84fa94-04c1-424b-9868-57a2d4851a1d" relativeResultsDirectory="e03574c2-0ed3-40d3-be9f-1a3f629948cc" />
    <UnitTestResult executionId="1701e4e1-2120-4a72-9dd3-077e97182f95" testId="4152dce8-cc1b-b2e2-dcea-719db3460605" testName="AbilityKit.Game.Cooking.Tests.CookingInteractionFoundationTests.T08_reordered_ingress_has_identical_snapshot_and_event_sequence" computerName="DESKTOP-PSLTKHU" duration="00:00:00.0150450" startTime="2026-09-17T11:33:10.2643073+08:00" endTime="2026-09-17T11:33:10.2643076+08:00" testType="13cdc9d9-ddb5-4fa4-a97d-d965ccfc6d4b" outcome="Passed" testListId="8c84fa94-04c1-424b-9868-57a2d4851a1d" relativeResultsDirectory="1701e4e1-2120-4a72-9dd3-077e97182f95" />
    <UnitTestResult executionId="c7f2d9ff-842c-4e08-97d7-a494fe60be8b" testId="031968f2-e83d-b8fa-052a-322e0ff93166" testName="AbilityKit.Game.Cooking.Tests.CookingNetworkMeasurementTests.N04_loss_followed_by_a_later_sequence_marks_the_delta_path_unsynchronized_without_authority_mutation" computerName="DESKTOP-PSLTKHU" duration="00:00:00.0005934" startTime="2026-09-17T11:33:10.2132278+08:00" endTime="2026-09-17T11:33:10.2132279+08:00" testType="13cdc9d9-ddb5-4fa4-a97d-d965ccfc6d4b" outcome="Passed" testListId="8c84fa94-04c1-424b-9868-57a2d4851a1d" relativeResultsDirectory="c7f2d9ff-842c-4e08-97d7-a494fe60be8b" />
    <UnitTestResult executionId="a0bd4c1f-56af-4a74-8784-59387d27bdb2" testId="b0fc33db-e320-68c0-a45f-6b1103136c34" testName="AbilityKit.Game.Cooking.Tests.CookingInteractionFoundationTests.T04_full_station_rejects_drop_without_losing_hand_item" computerName="DESKTOP-PSLTKHU" duration="00:00:00.0080454" startTime="2026-09-17T11:33:10.2327065+08:00" endTime="2026-09-17T11:33:10.2327066+08:00" testType="13cdc9d9-ddb5-4fa4-a97d-d965ccfc6d4b" outcome="Passed" testListId="8c84fa94-04c1-424b-9868-57a2d4851a1d" relativeResultsDirectory="a0bd4c1f-56af-4a74-8784-59387d27bdb2" />
    <UnitTestResult executionId="130512cd-d2f2-4c52-900a-8660edae09b0" testId="6352a828-898f-f442-19fc-531ed6f8cf44" testName="AbilityKit.Game.Cooking.Tests.CookingNetworkMeasurementTests.N10_owner_approval_lan_evidence_fallback_and_runtime_prerequisites_each_keep_optimization_blocked" computerName="DESKTOP-PSLTKHU" duration="00:00:00.0043749" startTime="2026-09-17T11:33:10.2126021+08:00" endTime="2026-09-17T11:33:10.2126022+08:00" testType="13cdc9d9-ddb5-4fa4-a97d-d965ccfc6d4b" outcome="Passed" testListId="8c84fa94-04c1-424b-9868-57a2d4851a1d" relativeResultsDirectory="130512cd-d2f2-4c52-900a-8660edae09b0" />
    <UnitTestResult executionId="0764ec9d-3a33-4e25-ad79-1e52cd3edcc5" testId="bc6c40bf-e7eb-825e-a4de-4e49537e715b" testName="AbilityKit.Game.Cooking.Tests.CookingPersistenceManagementTests.P03_distinct_settlement_identities_with_equal_rewards_remain_independently_auditable" computerName="DESKTOP-PSLTKHU" duration="00:00:00.0070234" startTime="2026-09-17T11:33:10.1966534+08:00" endTime="2026-09-17T11:33:10.1966535+08:00" testType="13cdc9d9-ddb5-4fa4-a97d-d965ccfc6d4b" outcome="Passed" testListId="8c84fa94-04c1-424b-9868-57a2d4851a1d" relativeResultsDirectory="0764ec9d-3a33-4e25-ad79-1e52cd3edcc5" />
    <UnitTestResult executionId="a60e06f3-a434-439e-955a-960b89da984b" testId="fa22e488-1b78-10af-c7d3-33c1ab7f268b" testName="AbilityKit.Game.Cooking.Tests.CookingLanSessionContractTests.L08_diagnostics_jsonl_round_trip_and_d1_report_remains_non_decisional" computerName="DESKTOP-PSLTKHU" duration="00:00:00.1115427" startTime="2026-09-17T11:33:10.1438605+08:00" endTime="2026-09-17T11:33:10.1438606+08:00" testType="13cdc9d9-ddb5-4fa4-a97d-d965ccfc6d4b" outcome="Passed" testListId="8c84fa94-04c1-424b-9868-57a2d4851a1d" relativeResultsDirectory="a60e06f3-a434-439e-955a-960b89da984b" />
    <UnitTestResult executionId="b493ffd8-cad9-4312-adef-829274a4047c" testId="33c7be47-e9b0-bdfb-0dfe-d3d6f4282755" testName="AbilityKit.Game.Cooking.Tests.CookingConfigurationValidationTests.C02_unknown_capability_and_missing_item_reject_before_any_configuration_is_available" computerName="DESKTOP-PSLTKHU" duration="00:00:00.0006237" startTime="2026-09-17T11:33:10.1422532+08:00" endTime="2026-09-17T11:33:10.1422532+08:00" testType="13cdc9d9-ddb5-4fa4-a97d-d965ccfc6d4b" outcome="Passed" testListId="8c84fa94-04c1-424b-9868-57a2d4851a1d" relativeResultsDirectory="b493ffd8-cad9-4312-adef-829274a4047c" />
    <UnitTestResult executionId="30f5d8e6-d82a-4d02-9b3c-8ae31a737c2d" testId="d2963569-e8b1-9012-5738-95e0580da188" testName="AbilityKit.Game.Cooking.Tests.CookingPersistenceManagementTests.P07_duplicate_revision_readback_is_stable_without_another_logical_commit" computerName="DESKTOP-PSLTKHU" duration="00:00:00.0005358" startTime="2026-09-17T11:33:10.1424437+08:00" endTime="2026-09-17T11:33:10.1424438+08:00" testType="13cdc9d9-ddb5-4fa4-a97d-d965ccfc6d4b" outcome="Passed" testListId="8c84fa94-04c1-424b-9868-57a2d4851a1d" relativeResultsDirectory="30f5d8e6-d82a-4d02-9b3c-8ae31a737c2d" />
    <UnitTestResult executionId="bcdaa548-8daf-46cf-899c-acc4a3762063" testId="c3014698-46df-29a1-c94c-4e4dbc8f1f05" testName="AbilityKit.Game.Cooking.Tests.CookingInteractionFoundationTests.Invalid_initial_locations_are_rejected_and_canonical_snapshots_escape_identifier_delimiters" computerName="DESKTOP-PSLTKHU" duration="00:00:00.0009750" startTime="2026-09-17T11:33:10.2492161+08:00" endTime="2026-09-17T11:33:10.2492162+08:00" testType="13cdc9d9-ddb5-4fa4-a97d-d965ccfc6d4b" outcome="Passed" testListId="8c84fa94-04c1-424b-9868-57a2d4851a1d" relativeResultsDirectory="bcdaa548-8daf-46cf-899c-acc4a3762063" />
    <UnitTestResult executionId="b72c6838-0d5b-4267-996f-7082ba2479b4" testId="6dcdf33f-5085-96df-f67b-51be75654577" testName="AbilityKit.Game.Cooking.Tests.CookingLanSessionContractTests.Descriptor_captures_immutable_capabilities_and_policy" computerName="DESKTOP-PSLTKHU" duration="00:00:00.0721958" startTime="2026-09-17T11:33:10.0180584+08:00" endTime="2026-09-17T11:33:10.0181189+08:00" testType="13cdc9d9-ddb5-4fa4-a97d-d965ccfc6d4b" outcome="Passed" testListId="8c84fa94-04c1-424b-9868-57a2d4851a1d" relativeResultsDirectory="b72c6838-0d5b-4267-996f-7082ba2479b4" />
    <UnitTestResult executionId="a7317a24-2093-4334-86e9-5ece7220c785" testId="fd928323-244a-889d-3325-f8c83b40daaf" testName="AbilityKit.Game.Cooking.Tests.CookingConfigurationValidationTests.C08_load_order_does_not_change_identity_and_covered_definition_change_is_detected" computerName="DESKTOP-PSLTKHU" duration="00:00:00.0024504" startTime="2026-09-17T11:33:10.1453642+08:00" endTime="2026-09-17T11:33:10.1453642+08:00" testType="13cdc9d9-ddb5-4fa4-a97d-d965ccfc6d4b" outcome="Passed" testListId="8c84fa94-04c1-424b-9868-57a2d4851a1d" relativeResultsDirectory="a7317a24-2093-4334-86e9-5ece7220c785" />
    <UnitTestResult executionId="6a3cc691-348c-4dae-b447-0a57486412fb" testId="672ce8ca-a9ce-c915-e318-5a8d2a2ebe5b" testName="AbilityKit.Game.Cooking.Tests.CookingConfigurationValidationTests.C02_invalid_candidate_reports_all_stable_diagnostics_and_keeps_previous_identity" computerName="DESKTOP-PSLTKHU" duration="00:00:00.0174181" startTime="2026-09-17T11:33:10.1418872+08:00" endTime="2026-09-17T11:33:10.1418872+08:00" testType="13cdc9d9-ddb5-4fa4-a97d-d965ccfc6d4b" outcome="Passed" testListId="8c84fa94-04c1-424b-9868-57a2d4851a1d" relativeResultsDirectory="6a3cc691-348c-4dae-b447-0a57486412fb" />
    <UnitTestResult executionId="397154af-c490-4c1a-bad8-829194e22b70" testId="2e3d3822-85cb-4c0f-b730-f2cf9b71611d" testName="AbilityKit.Game.Cooking.Tests.CookingInteractionFoundationTests.T01_pickup_drop_and_repickup_preserve_unique_location" computerName="DESKTOP-PSLTKHU" duration="00:00:00.0329430" startTime="2026-09-17T11:33:10.1711052+08:00" endTime="2026-09-17T11:33:10.1711053+08:00" testType="13cdc9d9-ddb5-4fa4-a97d-d965ccfc6d4b" outcome="Passed" testListId="8c84fa94-04c1-424b-9868-57a2d4851a1d" relativeResultsDirectory="397154af-c490-4c1a-bad8-829194e22b70" />
    <UnitTestResult executionId="52a7407b-0ae3-4138-832e-f97ab0113dcc" testId="3c9f38b3-eafc-db8b-9962-b5b1441e49c5" testName="AbilityKit.Game.Cooking.Tests.CookingNetworkMeasurementTests.N04_application_faults_are_traceable_and_do_not_create_authority_mutations" computerName="DESKTOP-PSLTKHU" duration="00:00:00.0145926" startTime="2026-09-17T11:33:10.1439184+08:00" endTime="2026-09-17T11:33:10.1439185+08:00" testType="13cdc9d9-ddb5-4fa4-a97d-d965ccfc6d4b" outcome="Passed" testListId="8c84fa94-04c1-424b-9868-57a2d4851a1d" relativeResultsDirectory="52a7407b-0ae3-4138-832e-f97ab0113dcc" />
    <UnitTestResult executionId="59adba2a-53cb-4548-8474-fe1385bf66f2" testId="c47bb93f-addf-fafd-d4bb-f069684bb5e9" testName="AbilityKit.Game.Cooking.Tests.CookingLanSessionContractTests.L03_rejects_duplicate_player_binding_unknown_assignment_and_malformed_handshake" computerName="DESKTOP-PSLTKHU" duration="00:00:00.0007424" startTime="2026-09-17T11:33:10.2159202+08:00" endTime="2026-09-17T11:33:10.2159203+08:00" testType="13cdc9d9-ddb5-4fa4-a97d-d965ccfc6d4b" outcome="Passed" testListId="8c84fa94-04c1-424b-9868-57a2d4851a1d" relativeResultsDirectory="59adba2a-53cb-4548-8474-fe1385bf66f2" />
    <UnitTestResult executionId="90e1208e-e07e-486b-b6da-d19644cd3bdb" testId="cd796def-0498-b845-68a9-f6cdd0067cff" testName="AbilityKit.Game.Cooking.Tests.CookingPersistenceManagementTests.P08_restart_restores_validated_long_term_progress_only" computerName="DESKTOP-PSLTKHU" duration="00:00:00.0083782" startTime="2026-09-17T11:33:10.1689038+08:00" endTime="2026-09-17T11:33:10.1689039+08:00" testType="13cdc9d9-ddb5-4fa4-a97d-d965ccfc6d4b" outcome="Passed" testListId="8c84fa94-04c1-424b-9868-57a2d4851a1d" relativeResultsDirectory="90e1208e-e07e-486b-b6da-d19644cd3bdb" />
    <UnitTestResult executionId="e308a310-bd2f-4605-b85e-cf5f65645ff9" testId="d6092366-112d-06ca-5341-7926bda1ecb1" testName="AbilityKit.Game.Cooking.Tests.CookingConfigurationValidationTests.C01_valid_candidate_commits_queryable_immutable_snapshot_with_stable_identity" computerName="DESKTOP-PSLTKHU" duration="00:00:00.0116681" startTime="2026-09-17T11:33:10.1452448+08:00" endTime="2026-09-17T11:33:10.1452448+08:00" testType="13cdc9d9-ddb5-4fa4-a97d-d965ccfc6d4b" outcome="Passed" testListId="8c84fa94-04c1-424b-9868-57a2d4851a1d" relativeResultsDirectory="e308a310-bd2f-4605-b85e-cf5f65645ff9" />
    <UnitTestResult executionId="973d077b-d4fe-450c-8c9f-1631690aa92e" testId="d64638e6-83d1-79dd-9804-45f9dab2a134" testName="AbilityKit.Game.Cooking.Tests.CookingLanSessionContractTests.L02_claimed_foreign_identity_and_scope_are_rejected_without_mutation" computerName="DESKTOP-PSLTKHU" duration="00:00:00.0194683" startTime="2026-09-17T11:33:10.1729511+08:00" endTime="2026-09-17T11:33:10.1729512+08:00" testType="13cdc9d9-ddb5-4fa4-a97d-d965ccfc6d4b" outcome="Passed" testListId="8c84fa94-04c1-424b-9868-57a2d4851a1d" relativeResultsDirectory="973d077b-d4fe-450c-8c9f-1631690aa92e" />
    <UnitTestResult executionId="6e610012-af32-4798-98c4-e917fcd14848" testId="758df49f-daab-5395-2126-e979e41741d4" testName="AbilityKit.Game.Cooking.Tests.CookingPersistenceManagementTests.P04_precommit_failure_leaves_no_ledger_or_progress_and_retry_commits_once" computerName="DESKTOP-PSLTKHU" duration="00:00:00.0215961" startTime="2026-09-17T11:33:10.1604428+08:00" endTime="2026-09-17T11:33:10.1604429+08:00" testType="13cdc9d9-ddb5-4fa4-a97d-d965ccfc6d4b" outcome="Passed" testListId="8c84fa94-04c1-424b-9868-57a2d4851a1d" relativeResultsDirectory="6e610012-af32-4798-98c4-e917fcd14848" />
    <UnitTestResult executionId="4c672c0b-04d5-4c8a-aebc-4bb5683df470" testId="8e4b8d07-676a-a1ec-42d5-f0687e2c22ac" testName="AbilityKit.Game.Cooking.Tests.CookingConfigurationValidationTests.C07_unapproved_schema_migration_is_blocked_without_conversion" computerName="DESKTOP-PSLTKHU" duration="00:00:00.1541505" startTime="2026-09-17T11:33:10.0966855+08:00" endTime="2026-09-17T11:33:10.0966856+08:00" testType="13cdc9d9-ddb5-4fa4-a97d-d965ccfc6d4b" outcome="Passed" testListId="8c84fa94-04c1-424b-9868-57a2d4851a1d" relativeResultsDirectory="4c672c0b-04d5-4c8a-aebc-4bb5683df470" />
    <UnitTestResult executionId="c1fe09a5-78ee-40ae-b0f6-b3b13f1c818c" testId="798ddc35-ac99-239f-110c-f5b6f5a02fb8" testName="AbilityKit.Game.Cooking.Tests.CookingLanSessionContractTests.L06_duplicate_and_conflicting_command_identity_are_mutation_safe" computerName="DESKTOP-PSLTKHU" duration="00:00:00.0026704" startTime="2026-09-17T11:33:10.2346483+08:00" endTime="2026-09-17T11:33:10.2346484+08:00" testType="13cdc9d9-ddb5-4fa4-a97d-d965ccfc6d4b" outcome="Passed" testListId="8c84fa94-04c1-424b-9868-57a2d4851a1d" relativeResultsDirectory="c1fe09a5-78ee-40ae-b0f6-b3b13f1c818c" />
    <UnitTestResult executionId="ad1fffb3-0de5-441d-8798-c4537011e8dc" testId="f07e4953-f04d-2a2a-01f5-d31ab7fb0b0e" testName="AbilityKit.Game.Cooking.Tests.CookingPersistenceManagementTests.current_progress_is_frozen_and_caller_mutation_cannot_bypass_commit" computerName="DESKTOP-PSLTKHU" duration="00:00:00.0003676" startTime="2026-09-17T11:33:10.1970506+08:00" endTime="2026-09-17T11:33:10.1970507+08:00" testType="13cdc9d9-ddb5-4fa4-a97d-d965ccfc6d4b" outcome="Passed" testListId="8c84fa94-04c1-424b-9868-57a2d4851a1d" relativeResultsDirectory="ad1fffb3-0de5-441d-8798-c4537011e8dc" />
    <UnitTestResult executionId="ba1b7442-1f41-44be-83de-93a34c48171d" testId="301ac187-ca90-18f5-2d13-5b93ec1290ef" testName="AbilityKit.Game.Cooking.Tests.CookingInteractionFoundationTests.T06_contention_selects_the_same_stable_winner_on_every_run" computerName="DESKTOP-PSLTKHU" duration="00:00:00.0169287" startTime="2026-09-17T11:33:10.2246090+08:00" endTime="2026-09-17T11:33:10.2246091+08:00" testType="13cdc9d9-ddb5-4fa4-a97d-d965ccfc6d4b" outcome="Passed" testListId="8c84fa94-04c1-424b-9868-57a2d4851a1d" relativeResultsDirectory="ba1b7442-1f41-44be-83de-93a34c48171d" />
    <UnitTestResult executionId="634a1296-2902-418d-9d79-f126a2e16d72" testId="f8a8ff4c-520c-1359-09d9-bf1bb1adde63" testName="AbilityKit.Game.Cooking.Tests.CookingNetworkMeasurementTests.N05_disconnect_stops_following_delta_delivery_and_keeps_synchronization_unsynchronized" computerName="DESKTOP-PSLTKHU" duration="00:00:00.1739998" startTime="2026-09-17T11:33:10.1423086+08:00" endTime="2026-09-17T11:33:10.1423087+08:00" testType="13cdc9d9-ddb5-4fa4-a97d-d965ccfc6d4b" outcome="Passed" testListId="8c84fa94-04c1-424b-9868-57a2d4851a1d" relativeResultsDirectory="634a1296-2902-418d-9d79-f126a2e16d72" />
    <UnitTestResult executionId="8c498ba7-5ca7-4d1e-a6e8-b32515dcbec5" testId="8baa8642-849c-ff64-da23-ab4111c8b64b" testName="AbilityKit.Game.Cooking.Tests.CookingMatchLifecycleTests.owner_decisions_remain_explicitly_blocked_without_default_exit_behavior" computerName="DESKTOP-PSLTKHU" duration="00:00:00.1214787" startTime="2026-09-17T11:33:10.0639069+08:00" endTime="2026-09-17T11:33:10.0639070+08:00" testType="13cdc9d9-ddb5-4fa4-a97d-d965ccfc6d4b" outcome="Passed" testListId="8c84fa94-04c1-424b-9868-57a2d4851a1d" relativeResultsDirectory="8c498ba7-5ca7-4d1e-a6e8-b32515dcbec5" />
    <UnitTestResult executionId="11c5989f-6bb7-4a0a-b07e-a92fdcfb1425" testId="29fad4a7-054f-75dd-18ce-3da68900068b" testName="AbilityKit.Game.Cooking.Tests.CookingMatchLifecycleTests.M03_M04_lifecycle_transitions_restart_into_new_match_and_illegal_operations_do_not_mutate" computerName="DESKTOP-PSLTKHU" duration="00:00:00.0208511" startTime="2026-09-17T11:33:10.1440133+08:00" endTime="2026-09-17T11:33:10.1440133+08:00" testType="13cdc9d9-ddb5-4fa4-a97d-d965ccfc6d4b" outcome="Passed" testListId="8c84fa94-04c1-424b-9868-57a2d4851a1d" relativeResultsDirectory="11c5989f-6bb7-4a0a-b07e-a92fdcfb1425" />
    <UnitTestResult executionId="64bfde8a-4a4d-43e3-99de-6212deda72f0" testId="42757047-88be-3f21-195f-54802e97198a" testName="AbilityKit.Game.Cooking.Tests.CookingMatchLifecycleTests.M01_valid_fixture_layout_prepares_ready_with_configuration_identity" computerName="DESKTOP-PSLTKHU" duration="00:00:00.0120487" startTime="2026-09-17T11:33:10.1494550+08:00" endTime="2026-09-17T11:33:10.1494551+08:00" testType="13cdc9d9-ddb5-4fa4-a97d-d965ccfc6d4b" outcome="Passed" testListId="8c84fa94-04c1-424b-9868-57a2d4851a1d" relativeResultsDirectory="64bfde8a-4a4d-43e3-99de-6212deda72f0" />
    <UnitTestResult executionId="162bb46a-7e7e-4ccb-b7e0-316e0b6a02ea" testId="981f6de9-cd1a-f408-806d-dd5ac045ffe7" testName="AbilityKit.Game.Cooking.Tests.CookingMatchLifecycleTests.M02_invalid_layout_and_config_mismatch_do_not_prepare_or_create_gameplay" computerName="DESKTOP-PSLTKHU" duration="00:00:00.0524911" startTime="2026-09-17T11:33:10.1423503+08:00" endTime="2026-09-17T11:33:10.1423503+08:00" testType="13cdc9d9-ddb5-4fa4-a97d-d965ccfc6d4b" outcome="Passed" testListId="8c84fa94-04c1-424b-9868-57a2d4851a1d" relativeResultsDirectory="162bb46a-7e7e-4ccb-b7e0-316e0b6a02ea" />
    <UnitTestResult executionId="dac5dbfe-29b1-4763-b0c2-e619427741c2" testId="3be4dabc-70d3-4a85-74ab-2a9ab8995058" testName="AbilityKit.Game.Cooking.Tests.CookingConfigurationValidationTests.diagnostics_are_independent_of_unordered_capability_insertion_order" computerName="DESKTOP-PSLTKHU" duration="00:00:00.0016262" startTime="2026-09-17T11:33:10.1453873+08:00" endTime="2026-09-17T11:33:10.1453873+08:00" testType="13cdc9d9-ddb5-4fa4-a97d-d965ccfc6d4b" outcome="Passed" testListId="8c84fa94-04c1-424b-9868-57a2d4851a1d" relativeResultsDirectory="dac5dbfe-29b1-4763-b0c2-e619427741c2" />
    <UnitTestResult executionId="38686b69-3ab1-4f29-8e33-30947d05ccf8" testId="ef54e9be-031f-053c-8123-24a8660cb24d" testName="AbilityKit.Game.Cooking.Tests.CookingLanSessionContractTests.L07_queue_cancellation_close_and_dispose_stop_new_ingress_and_emit_unbind_trace" computerName="DESKTOP-PSLTKHU" duration="00:00:00.0156985" startTime="2026-09-17T11:33:10.2319384+08:00" endTime="2026-09-17T11:33:10.2319387+08:00" testType="13cdc9d9-ddb5-4fa4-a97d-d965ccfc6d4b" outcome="Passed" testListId="8c84fa94-04c1-424b-9868-57a2d4851a1d" relativeResultsDirectory="38686b69-3ab1-4f29-8e33-30947d05ccf8" />
    <UnitTestResult executionId="5c77489e-26ac-4b9d-96f0-1f5a7d05bc01" testId="e0c81db9-4fd2-9814-6b5d-aac515dfb4a2" testName="AbilityKit.Game.Cooking.Tests.CookingRecipeLoopTests.R02_invalid_input_capability_range_availability_and_incomplete_product_are_mutation_safe" computerName="DESKTOP-PSLTKHU" duration="00:00:00.0148134" startTime="2026-09-17T11:33:10.2333389+08:00" endTime="2026-09-17T11:33:10.2333390+08:00" testType="13cdc9d9-ddb5-4fa4-a97d-d965ccfc6d4b" outcome="Passed" testListId="8c84fa94-04c1-424b-9868-57a2d4851a1d" relativeResultsDirectory="5c77489e-26ac-4b9d-96f0-1f5a7d05bc01" />
    <UnitTestResult executionId="f8638b06-1df4-4fd6-9506-d783f420ba01" testId="1b3690e5-11ab-69a4-ac19-7e888b9db3db" testName="AbilityKit.Game.Cooking.Tests.CookingPersistenceManagementTests.P09_corrupt_unknown_version_owner_and_config_mismatch_preserve_valid_current_progress" computerName="DESKTOP-PSLTKHU" duration="00:00:00.0012573" startTime="2026-09-17T11:33:10.1453349+08:00" endTime="2026-09-17T11:33:10.1453350+08:00" testType="13cdc9d9-ddb5-4fa4-a97d-d965ccfc6d4b" outcome="Passed" testListId="8c84fa94-04c1-424b-9868-57a2d4851a1d" relativeResultsDirectory="f8638b06-1df4-4fd6-9506-d783f420ba01" />
    <UnitTestResult executionId="6006e9b4-b02b-4c67-ac82-166cabd33853" testId="72fd7841-df86-4d35-88f4-d34e9711cf24" testName="AbilityKit.Game.Cooking.Tests.CookingNetworkMeasurementTests.N01_fixed_in_process_workload_emits_comparable_json_csv_and_jsonl_evidence" computerName="DESKTOP-PSLTKHU" duration="00:00:00.0770840" startTime="2026-09-17T11:33:10.2081536+08:00" endTime="2026-09-17T11:33:10.2081538+08:00" testType="13cdc9d9-ddb5-4fa4-a97d-d965ccfc6d4b" outcome="Passed" testListId="8c84fa94-04c1-424b-9868-57a2d4851a1d" relativeResultsDirectory="6006e9b4-b02b-4c67-ac82-166cabd33853" />
  </Results>
  <TestDefinitions>
    <UnitTest name="AbilityKit.Game.Cooking.Tests.CookingPersistenceManagementTests.P05_postcommit_response_loss_restarts_and_retries_without_duplicate_reward" storage="d:\myproject\unityproject\abilitykit\src\abilitykit.game.cooking.tests\bin\debug\net10.0\abilitykit.game.cooking.tests.dll" id="ee544e95-7278-d2b2-6e75-bcc9e1415165">
      <Execution id="dc7af767-0fbc-4afc-a317-82e6a96a5296" />
      <TestMethod codeBase="D:\MyProject\UnityProject\AbilityKit\src\AbilityKit.Game.Cooking.Tests\bin\Debug\net10.0\AbilityKit.Game.Cooking.Tests.dll" adapterTypeName="executor://xunit/VsTestRunner2/netcoreapp" className="AbilityKit.Game.Cooking.Tests.CookingPersistenceManagementTests" name="P05_postcommit_response_loss_restarts_and_retries_without_duplicate_reward" />
    </UnitTest>
    <UnitTest name="AbilityKit.Game.Cooking.Tests.CookingLanSessionContractTests.L06_duplicate_and_conflicting_command_identity_are_mutation_safe" storage="d:\myproject\unityproject\abilitykit\src\abilitykit.game.cooking.tests\bin\debug\net10.0\abilitykit.game.cooking.tests.dll" id="798ddc35-ac99-239f-110c-f5b6f5a02fb8">
      <Execution id="c1fe09a5-78ee-40ae-b0f6-b3b13f1c818c" />
      <TestMethod codeBase="D:\MyProject\UnityProject\AbilityKit\src\AbilityKit.Game.Cooking.Tests\bin\Debug\net10.0\AbilityKit.Game.Cooking.Tests.dll" adapterTypeName="executor://xunit/VsTestRunner2/netcoreapp" className="AbilityKit.Game.Cooking.Tests.CookingLanSessionContractTests" name="L06_duplicate_and_conflicting_command_identity_are_mutation_safe" />
    </UnitTest>
    <UnitTest name="AbilityKit.Game.Cooking.Tests.CookingInteractionFoundationTests.T03_validation_rejections_have_stable_reasons_and_no_mutation" storage="d:\myproject\unityproject\abilitykit\src\abilitykit.game.cooking.tests\bin\debug\net10.0\abilitykit.game.cooking.tests.dll" id="9305b0ff-c894-814a-ea29-7d43c21bd532">
      <Execution id="07a14b64-97dc-4048-bd87-67d2f91d9113" />
      <TestMethod codeBase="D:\MyProject\UnityProject\AbilityKit\src\AbilityKit.Game.Cooking.Tests\bin\Debug\net10.0\AbilityKit.Game.Cooking.Tests.dll" adapterTypeName="executor://xunit/VsTestRunner2/netcoreapp" className="AbilityKit.Game.Cooking.Tests.CookingInteractionFoundationTests" name="T03_validation_rejections_have_stable_reasons_and_no_mutation" />
    </UnitTest>
    <UnitTest name="AbilityKit.Game.Cooking.Tests.CookingInteractionFoundationTests.T05_host_and_remote_adapters_share_the_same_authority_path" storage="d:\myproject\unityproject\abilitykit\src\abilitykit.game.cooking.tests\bin\debug\net10.0\abilitykit.game.cooking.tests.dll" id="5a4dae14-a728-f2c6-797a-8c11b5d16730">
      <Execution id="244f4962-8cc8-48ac-aec7-c9d3a45c55cb" />
      <TestMethod codeBase="D:\MyProject\UnityProject\AbilityKit\src\AbilityKit.Game.Cooking.Tests\bin\Debug\net10.0\AbilityKit.Game.Cooking.Tests.dll" adapterTypeName="executor://xunit/VsTestRunner2/netcoreapp" className="AbilityKit.Game.Cooking.Tests.CookingInteractionFoundationTests" name="T05_host_and_remote_adapters_share_the_same_authority_path" />
    </UnitTest>
    <UnitTest name="AbilityKit.Game.Cooking.Tests.CookingPersistenceManagementTests.P03_distinct_settlement_identities_with_equal_rewards_remain_independently_auditable" storage="d:\myproject\unityproject\abilitykit\src\abilitykit.game.cooking.tests\bin\debug\net10.0\abilitykit.game.cooking.tests.dll" id="bc6c40bf-e7eb-825e-a4de-4e49537e715b">
      <Execution id="0764ec9d-3a33-4e25-ad79-1e52cd3edcc5" />
      <TestMethod codeBase="D:\MyProject\UnityProject\AbilityKit\src\AbilityKit.Game.Cooking.Tests\bin\Debug\net10.0\AbilityKit.Game.Cooking.Tests.dll" adapterTypeName="executor://xunit/VsTestRunner2/netcoreapp" className="AbilityKit.Game.Cooking.Tests.CookingPersistenceManagementTests" name="P03_distinct_settlement_identities_with_equal_rewards_remain_independently_auditable" />
    </UnitTest>
    <UnitTest name="AbilityKit.Game.Cooking.Tests.CookingNetworkMeasurementTests.N05_disconnect_stops_following_delta_delivery_and_keeps_synchronization_unsynchronized" storage="d:\myproject\unityproject\abilitykit\src\abilitykit.game.cooking.tests\bin\debug\net10.0\abilitykit.game.cooking.tests.dll" id="f8a8ff4c-520c-1359-09d9-bf1bb1adde63">
      <Execution id="634a1296-2902-418d-9d79-f126a2e16d72" />
      <TestMethod codeBase="D:\MyProject\UnityProject\AbilityKit\src\AbilityKit.Game.Cooking.Tests\bin\Debug\net10.0\AbilityKit.Game.Cooking.Tests.dll" adapterTypeName="executor://xunit/VsTestRunner2/netcoreapp" className="AbilityKit.Game.Cooking.Tests.CookingNetworkMeasurementTests" name="N05_disconnect_stops_following_delta_delivery_and_keeps_synchronization_unsynchronized" />
    </UnitTest>
    <UnitTest name="AbilityKit.Game.Cooking.Tests.CookingRecipeLoopTests.R05_second_recipe_and_appliance_fixture_uses_the_same_rules_without_recipe_branches" storage="d:\myproject\unityproject\abilitykit\src\abilitykit.game.cooking.tests\bin\debug\net10.0\abilitykit.game.cooking.tests.dll" id="bb81b639-17b4-6151-6f61-f74daa3a32a1">
      <Execution id="0671961f-232d-4dfa-a007-172b9424f24f" />
      <TestMethod codeBase="D:\MyProject\UnityProject\AbilityKit\src\AbilityKit.Game.Cooking.Tests\bin\Debug\net10.0\AbilityKit.Game.Cooking.Tests.dll" adapterTypeName="executor://xunit/VsTestRunner2/netcoreapp" className="AbilityKit.Game.Cooking.Tests.CookingRecipeLoopTests" name="R05_second_recipe_and_appliance_fixture_uses_the_same_rules_without_recipe_branches" />
    </UnitTest>
    <UnitTest name="AbilityKit.Game.Cooking.Tests.CookingRecipeLoopTests.R04_replay_is_idempotent_and_consumed_product_cannot_be_resubmitted" storage="d:\myproject\unityproject\abilitykit\src\abilitykit.game.cooking.tests\bin\debug\net10.0\abilitykit.game.cooking.tests.dll" id="aa6ae7c6-4415-cd93-d18d-987437b8be2e">
      <Execution id="c05dee25-6bea-49ef-98c4-d8438c1fe7ac" />
      <TestMethod codeBase="D:\MyProject\UnityProject\AbilityKit\src\AbilityKit.Game.Cooking.Tests\bin\Debug\net10.0\AbilityKit.Game.Cooking.Tests.dll" adapterTypeName="executor://xunit/VsTestRunner2/netcoreapp" className="AbilityKit.Game.Cooking.Tests.CookingRecipeLoopTests" name="R04_replay_is_idempotent_and_consumed_product_cannot_be_resubmitted" />
    </UnitTest>
    <UnitTest name="AbilityKit.Game.Cooking.Tests.CookingRecipeLoopTests.R03_rejected_order_preserves_successfully_plated_product" storage="d:\myproject\unityproject\abilitykit\src\abilitykit.game.cooking.tests\bin\debug\net10.0\abilitykit.game.cooking.tests.dll" id="a79a77c4-7b89-2b9f-2b5e-dc4c353035b1">
      <Execution id="2b9ac315-abc5-4553-9301-20ee6441207e" />
      <TestMethod codeBase="D:\MyProject\UnityProject\AbilityKit\src\AbilityKit.Game.Cooking.Tests\bin\Debug\net10.0\AbilityKit.Game.Cooking.Tests.dll" adapterTypeName="executor://xunit/VsTestRunner2/netcoreapp" className="AbilityKit.Game.Cooking.Tests.CookingRecipeLoopTests" name="R03_rejected_order_preserves_successfully_plated_product" />
    </UnitTest>
    <UnitTest name="AbilityKit.Game.Cooking.Tests.CookingPersistenceManagementTests.P08_restart_restores_validated_long_term_progress_only" storage="d:\myproject\unityproject\abilitykit\src\abilitykit.game.cooking.tests\bin\debug\net10.0\abilitykit.game.cooking.tests.dll" id="cd796def-0498-b845-68a9-f6cdd0067cff">
      <Execution id="90e1208e-e07e-486b-b6da-d19644cd3bdb" />
      <TestMethod codeBase="D:\MyProject\UnityProject\AbilityKit\src\AbilityKit.Game.Cooking.Tests\bin\Debug\net10.0\AbilityKit.Game.Cooking.Tests.dll" adapterTypeName="executor://xunit/VsTestRunner2/netcoreapp" className="AbilityKit.Game.Cooking.Tests.CookingPersistenceManagementTests" name="P08_restart_restores_validated_long_term_progress_only" />
    </UnitTest>
    <UnitTest name="AbilityKit.Game.Cooking.Tests.CookingInteractionFoundationTests.T01_pickup_drop_and_repickup_preserve_unique_location" storage="d:\myproject\unityproject\abilitykit\src\abilitykit.game.cooking.tests\bin\debug\net10.0\abilitykit.game.cooking.tests.dll" id="2e3d3822-85cb-4c0f-b730-f2cf9b71611d">
      <Execution id="397154af-c490-4c1a-bad8-829194e22b70" />
      <TestMethod codeBase="D:\MyProject\UnityProject\AbilityKit\src\AbilityKit.Game.Cooking.Tests\bin\Debug\net10.0\AbilityKit.Game.Cooking.Tests.dll" adapterTypeName="executor://xunit/VsTestRunner2/netcoreapp" className="AbilityKit.Game.Cooking.Tests.CookingInteractionFoundationTests" name="T01_pickup_drop_and_repickup_preserve_unique_location" />
    </UnitTest>
    <UnitTest name="AbilityKit.Game.Cooking.Tests.CookingInteractionFoundationTests.Command_identity_conflict_and_mixed_batches_are_rejected_without_mutation" storage="d:\myproject\unityproject\abilitykit\src\abilitykit.game.cooking.tests\bin\debug\net10.0\abilitykit.game.cooking.tests.dll" id="69655d25-5de4-f687-88ca-4c8d8c23be62">
      <Execution id="673ad833-c8b2-4589-99da-1c84b60cc0ce" />
      <TestMethod codeBase="D:\MyProject\UnityProject\AbilityKit\src\AbilityKit.Game.Cooking.Tests\bin\Debug\net10.0\AbilityKit.Game.Cooking.Tests.dll" adapterTypeName="executor://xunit/VsTestRunner2/netcoreapp" className="AbilityKit.Game.Cooking.Tests.CookingInteractionFoundationTests" name="Command_identity_conflict_and_mixed_batches_are_rejected_without_mutation" />
    </UnitTest>
    <UnitTest name="AbilityKit.Game.Cooking.Tests.CookingConfigurationValidationTests.C01_valid_candidate_commits_queryable_immutable_snapshot_with_stable_identity" storage="d:\myproject\unityproject\abilitykit\src\abilitykit.game.cooking.tests\bin\debug\net10.0\abilitykit.game.cooking.tests.dll" id="d6092366-112d-06ca-5341-7926bda1ecb1">
      <Execution id="e308a310-bd2f-4605-b85e-cf5f65645ff9" />
      <TestMethod codeBase="D:\MyProject\UnityProject\AbilityKit\src\AbilityKit.Game.Cooking.Tests\bin\Debug\net10.0\AbilityKit.Game.Cooking.Tests.dll" adapterTypeName="executor://xunit/VsTestRunner2/netcoreapp" className="AbilityKit.Game.Cooking.Tests.CookingConfigurationValidationTests" name="C01_valid_candidate_commits_queryable_immutable_snapshot_with_stable_identity" />
    </UnitTest>
    <UnitTest name="AbilityKit.Game.Cooking.Tests.CookingNetworkMeasurementTests.N01_fixed_in_process_workload_emits_comparable_json_csv_and_jsonl_evidence" storage="d:\myproject\unityproject\abilitykit\src\abilitykit.game.cooking.tests\bin\debug\net10.0\abilitykit.game.cooking.tests.dll" id="72fd7841-df86-4d35-88f4-d34e9711cf24">
      <Execution id="6006e9b4-b02b-4c67-ac82-166cabd33853" />
      <TestMethod codeBase="D:\MyProject\UnityProject\AbilityKit\src\AbilityKit.Game.Cooking.Tests\bin\Debug\net10.0\AbilityKit.Game.Cooking.Tests.dll" adapterTypeName="executor://xunit/VsTestRunner2/netcoreapp" className="AbilityKit.Game.Cooking.Tests.CookingNetworkMeasurementTests" name="N01_fixed_in_process_workload_emits_comparable_json_csv_and_jsonl_evidence" />
    </UnitTest>
    <UnitTest name="AbilityKit.Game.Cooking.Tests.CookingRecipeLoopTests.R03_submission_requires_reachability_and_container_slots_are_unique" storage="d:\myproject\unityproject\abilitykit\src\abilitykit.game.cooking.tests\bin\debug\net10.0\abilitykit.game.cooking.tests.dll" id="2c608a2d-4a47-b934-05ca-184d3036a6e4">
      <Execution id="e03574c2-0ed3-40d3-be9f-1a3f629948cc" />
      <TestMethod codeBase="D:\MyProject\UnityProject\AbilityKit\src\AbilityKit.Game.Cooking.Tests\bin\Debug\net10.0\AbilityKit.Game.Cooking.Tests.dll" adapterTypeName="executor://xunit/VsTestRunner2/netcoreapp" className="AbilityKit.Game.Cooking.Tests.CookingRecipeLoopTests" name="R03_submission_requires_reachability_and_container_slots_are_unique" />
    </UnitTest>
    <UnitTest name="AbilityKit.Game.Cooking.Tests.CookingPersistenceManagementTests.current_progress_is_frozen_and_caller_mutation_cannot_bypass_commit" storage="d:\myproject\unityproject\abilitykit\src\abilitykit.game.cooking.tests\bin\debug\net10.0\abilitykit.game.cooking.tests.dll" id="f07e4953-f04d-2a2a-01f5-d31ab7fb0b0e">
      <Execution id="ad1fffb3-0de5-441d-8798-c4537011e8dc" />
      <TestMethod codeBase="D:\MyProject\UnityProject\AbilityKit\src\AbilityKit.Game.Cooking.Tests\bin\Debug\net10.0\AbilityKit.Game.Cooking.Tests.dll" adapterTypeName="executor://xunit/VsTestRunner2/netcoreapp" className="AbilityKit.Game.Cooking.Tests.CookingPersistenceManagementTests" name="current_progress_is_frozen_and_caller_mutation_cannot_bypass_commit" />
    </UnitTest>
    <UnitTest name="AbilityKit.Game.Cooking.Tests.CookingPersistenceManagementTests.P09_corrupt_unknown_version_owner_and_config_mismatch_preserve_valid_current_progress" storage="d:\myproject\unityproject\abilitykit\src\abilitykit.game.cooking.tests\bin\debug\net10.0\abilitykit.game.cooking.tests.dll" id="1b3690e5-11ab-69a4-ac19-7e888b9db3db">
      <Execution id="f8638b06-1df4-4fd6-9506-d783f420ba01" />
      <TestMethod codeBase="D:\MyProject\UnityProject\AbilityKit\src\AbilityKit.Game.Cooking.Tests\bin\Debug\net10.0\AbilityKit.Game.Cooking.Tests.dll" adapterTypeName="executor://xunit/VsTestRunner2/netcoreapp" className="AbilityKit.Game.Cooking.Tests.CookingPersistenceManagementTests" name="P09_corrupt_unknown_version_owner_and_config_mismatch_preserve_valid_current_progress" />
    </UnitTest>
    <UnitTest name="AbilityKit.Game.Cooking.Tests.CookingMatchLifecycleTests.M05_parallel_matches_keep_recipe_ticks_products_orders_and_snapshots_isolated" storage="d:\myproject\unityproject\abilitykit\src\abilitykit.game.cooking.tests\bin\debug\net10.0\abilitykit.game.cooking.tests.dll" id="1ca31eb0-aec2-7f10-88ae-697689f7345f">
      <Execution id="45a36f56-d5a5-482b-9bbe-c0d09d9e1688" />
      <TestMethod codeBase="D:\MyProject\UnityProject\AbilityKit\src\AbilityKit.Game.Cooking.Tests\bin\Debug\net10.0\AbilityKit.Game.Cooking.Tests.dll" adapterTypeName="executor://xunit/VsTestRunner2/netcoreapp" className="AbilityKit.Game.Cooking.Tests.CookingMatchLifecycleTests" name="M05_parallel_matches_keep_recipe_ticks_products_orders_and_snapshots_isolated" />
    </UnitTest>
    <UnitTest name="AbilityKit.Game.Cooking.Tests.CookingPersistenceManagementTests.codec_rejects_malformed_and_oversized_records_without_throwing" storage="d:\myproject\unityproject\abilitykit\src\abilitykit.game.cooking.tests\bin\debug\net10.0\abilitykit.game.cooking.tests.dll" id="a997a01b-6a8b-c962-d2a1-5118cbe3439f">
      <Execution id="c7781c0a-7a11-42d5-9447-e36d188cc4dd" />
      <TestMethod codeBase="D:\MyProject\UnityProject\AbilityKit\src\AbilityKit.Game.Cooking.Tests\bin\Debug\net10.0\AbilityKit.Game.Cooking.Tests.dll" adapterTypeName="executor://xunit/VsTestRunner2/netcoreapp" className="AbilityKit.Game.Cooking.Tests.CookingPersistenceManagementTests" name="codec_rejects_malformed_and_oversized_records_without_throwing" />
    </UnitTest>
    <UnitTest name="AbilityKit.Game.Cooking.Tests.CookingConfigurationValidationTests.C08_load_order_does_not_change_identity_and_covered_definition_change_is_detected" storage="d:\myproject\unityproject\abilitykit\src\abilitykit.game.cooking.tests\bin\debug\net10.0\abilitykit.game.cooking.tests.dll" id="fd928323-244a-889d-3325-f8c83b40daaf">
      <Execution id="a7317a24-2093-4334-86e9-5ece7220c785" />
      <TestMethod codeBase="D:\MyProject\UnityProject\AbilityKit\src\AbilityKit.Game.Cooking.Tests\bin\Debug\net10.0\AbilityKit.Game.Cooking.Tests.dll" adapterTypeName="executor://xunit/VsTestRunner2/netcoreapp" className="AbilityKit.Game.Cooking.Tests.CookingConfigurationValidationTests" name="C08_load_order_does_not_change_identity_and_covered_definition_change_is_detected" />
    </UnitTest>
    <UnitTest name="AbilityKit.Game.Cooking.Tests.CookingLanSessionContractTests.L01_host_local_and_remote_in_process_share_one_authority_batch" storage="d:\myproject\unityproject\abilitykit\src\abilitykit.game.cooking.tests\bin\debug\net10.0\abilitykit.game.cooking.tests.dll" id="8b031df4-83ca-7e5a-2b61-21d19364664b">
      <Execution id="64ed3a6c-614b-4410-8758-31d3596d7468" />
      <TestMethod codeBase="D:\MyProject\UnityProject\AbilityKit\src\AbilityKit.Game.Cooking.Tests\bin\Debug\net10.0\AbilityKit.Game.Cooking.Tests.dll" adapterTypeName="executor://xunit/VsTestRunner2/netcoreapp" className="AbilityKit.Game.Cooking.Tests.CookingLanSessionContractTests" name="L01_host_local_and_remote_in_process_share_one_authority_batch" />
    </UnitTest>
    <UnitTest name="AbilityKit.Game.Cooking.Tests.CookingInteractionFoundationTests.T02_lifecycle_and_scope_rejections_do_not_mutate_authority" storage="d:\myproject\unityproject\abilitykit\src\abilitykit.game.cooking.tests\bin\debug\net10.0\abilitykit.game.cooking.tests.dll" id="a01f38b6-b08b-c0b4-d844-fb5f0b0d6cb2">
      <Execution id="961cb5c5-d011-4e2a-9f3f-49edf1a09717" />
      <TestMethod codeBase="D:\MyProject\UnityProject\AbilityKit\src\AbilityKit.Game.Cooking.Tests\bin\Debug\net10.0\AbilityKit.Game.Cooking.Tests.dll" adapterTypeName="executor://xunit/VsTestRunner2/netcoreapp" className="AbilityKit.Game.Cooking.Tests.CookingInteractionFoundationTests" name="T02_lifecycle_and_scope_rejections_do_not_mutate_authority" />
    </UnitTest>
    <UnitTest name="AbilityKit.Game.Cooking.Tests.CookingLanSessionContractTests.L03_handshake_rejections_do_not_create_gameplay_binding" storage="d:\myproject\unityproject\abilitykit\src\abilitykit.game.cooking.tests\bin\debug\net10.0\abilitykit.game.cooking.tests.dll" id="0f4046c2-2508-3551-3190-bbadd41b690f">
      <Execution id="a864b182-c837-4b7f-8ac5-8948a84e004a" />
      <TestMethod codeBase="D:\MyProject\UnityProject\AbilityKit\src\AbilityKit.Game.Cooking.Tests\bin\Debug\net10.0\AbilityKit.Game.Cooking.Tests.dll" adapterTypeName="executor://xunit/VsTestRunner2/netcoreapp" className="AbilityKit.Game.Cooking.Tests.CookingLanSessionContractTests" name="L03_handshake_rejections_do_not_create_gameplay_binding" />
    </UnitTest>
    <UnitTest name="AbilityKit.Game.Cooking.Tests.CookingMatchLifecycleTests.owner_decisions_remain_explicitly_blocked_without_default_exit_behavior" storage="d:\myproject\unityproject\abilitykit\src\abilitykit.game.cooking.tests\bin\debug\net10.0\abilitykit.game.cooking.tests.dll" id="8baa8642-849c-ff64-da23-ab4111c8b64b">
      <Execution id="8c498ba7-5ca7-4d1e-a6e8-b32515dcbec5" />
      <TestMethod codeBase="D:\MyProject\UnityProject\AbilityKit\src\AbilityKit.Game.Cooking.Tests\bin\Debug\net10.0\AbilityKit.Game.Cooking.Tests.dll" adapterTypeName="executor://xunit/VsTestRunner2/netcoreapp" className="AbilityKit.Game.Cooking.Tests.CookingMatchLifecycleTests" name="owner_decisions_remain_explicitly_blocked_without_default_exit_behavior" />
    </UnitTest>
    <UnitTest name="AbilityKit.Game.Cooking.Tests.CookingInteractionFoundationTests.T08_reordered_ingress_has_identical_snapshot_and_event_sequence" storage="d:\myproject\unityproject\abilitykit\src\abilitykit.game.cooking.tests\bin\debug\net10.0\abilitykit.game.cooking.tests.dll" id="4152dce8-cc1b-b2e2-dcea-719db3460605">
      <Execution id="1701e4e1-2120-4a72-9dd3-077e97182f95" />
      <TestMethod codeBase="D:\MyProject\UnityProject\AbilityKit\src\AbilityKit.Game.Cooking.Tests\bin\Debug\net10.0\AbilityKit.Game.Cooking.Tests.dll" adapterTypeName="executor://xunit/VsTestRunner2/netcoreapp" className="AbilityKit.Game.Cooking.Tests.CookingInteractionFoundationTests" name="T08_reordered_ingress_has_identical_snapshot_and_event_sequence" />
    </UnitTest>
    <UnitTest name="AbilityKit.Game.Cooking.Tests.CookingNetworkMeasurementTests.N04_loss_followed_by_a_later_sequence_marks_the_delta_path_unsynchronized_without_authority_mutation" storage="d:\myproject\unityproject\abilitykit\src\abilitykit.game.cooking.tests\bin\debug\net10.0\abilitykit.game.cooking.tests.dll" id="031968f2-e83d-b8fa-052a-322e0ff93166">
      <Execution id="c7f2d9ff-842c-4e08-97d7-a494fe60be8b" />
      <TestMethod codeBase="D:\MyProject\UnityProject\AbilityKit\src\AbilityKit.Game.Cooking.Tests\bin\Debug\net10.0\AbilityKit.Game.Cooking.Tests.dll" adapterTypeName="executor://xunit/VsTestRunner2/netcoreapp" className="AbilityKit.Game.Cooking.Tests.CookingNetworkMeasurementTests" name="N04_loss_followed_by_a_later_sequence_marks_the_delta_path_unsynchronized_without_authority_mutation" />
    </UnitTest>
    <UnitTest name="AbilityKit.Game.Cooking.Tests.CookingInteractionFoundationTests.Invalid_initial_locations_are_rejected_and_canonical_snapshots_escape_identifier_delimiters" storage="d:\myproject\unityproject\abilitykit\src\abilitykit.game.cooking.tests\bin\debug\net10.0\abilitykit.game.cooking.tests.dll" id="c3014698-46df-29a1-c94c-4e4dbc8f1f05">
      <Execution id="bcdaa548-8daf-46cf-899c-acc4a3762063" />
      <TestMethod codeBase="D:\MyProject\UnityProject\AbilityKit\src\AbilityKit.Game.Cooking.Tests\bin\Debug\net10.0\AbilityKit.Game.Cooking.Tests.dll" adapterTypeName="executor://xunit/VsTestRunner2/netcoreapp" className="AbilityKit.Game.Cooking.Tests.CookingInteractionFoundationTests" name="Invalid_initial_locations_are_rejected_and_canonical_snapshots_escape_identifier_delimiters" />
    </UnitTest>
    <UnitTest name="AbilityKit.Game.Cooking.Tests.CookingRecipeLoopTests.R06_host_local_and_remote_in_process_follow_the_same_recipe_authority_path" storage="d:\myproject\unityproject\abilitykit\src\abilitykit.game.cooking.tests\bin\debug\net10.0\abilitykit.game.cooking.tests.dll" id="2dd794a3-99fd-0d50-4d32-35a809ed4927">
      <Execution id="8e21fbad-40bd-46cc-bf3f-a7209438bf41" />
      <TestMethod codeBase="D:\MyProject\UnityProject\AbilityKit\src\AbilityKit.Game.Cooking.Tests\bin\Debug\net10.0\AbilityKit.Game.Cooking.Tests.dll" adapterTypeName="executor://xunit/VsTestRunner2/netcoreapp" className="AbilityKit.Game.Cooking.Tests.CookingRecipeLoopTests" name="R06_host_local_and_remote_in_process_follow_the_same_recipe_authority_path" />
    </UnitTest>
    <UnitTest name="AbilityKit.Game.Cooking.Tests.CookingPersistenceManagementTests.P04_precommit_failure_leaves_no_ledger_or_progress_and_retry_commits_once" storage="d:\myproject\unityproject\abilitykit\src\abilitykit.game.cooking.tests\bin\debug\net10.0\abilitykit.game.cooking.tests.dll" id="758df49f-daab-5395-2126-e979e41741d4">
      <Execution id="6e610012-af32-4798-98c4-e917fcd14848" />
      <TestMethod codeBase="D:\MyProject\UnityProject\AbilityKit\src\AbilityKit.Game.Cooking.Tests\bin\Debug\net10.0\AbilityKit.Game.Cooking.Tests.dll" adapterTypeName="executor://xunit/VsTestRunner2/netcoreapp" className="AbilityKit.Game.Cooking.Tests.CookingPersistenceManagementTests" name="P04_precommit_failure_leaves_no_ledger_or_progress_and_retry_commits_once" />
    </UnitTest>
    <UnitTest name="AbilityKit.Game.Cooking.Tests.CookingConfigurationValidationTests.C04_C05_recipe_and_appliance_extensions_are_validated_by_data_without_rule_branches" storage="d:\myproject\unityproject\abilitykit\src\abilitykit.game.cooking.tests\bin\debug\net10.0\abilitykit.game.cooking.tests.dll" id="b63664ae-b7bd-b1c9-5376-fb5a91cfe733">
      <Execution id="e4ccc37f-e79f-4f58-b683-a2adf71684a3" />
      <TestMethod codeBase="D:\MyProject\UnityProject\AbilityKit\src\AbilityKit.Game.Cooking.Tests\bin\Debug\net10.0\AbilityKit.Game.Cooking.Tests.dll" adapterTypeName="executor://xunit/VsTestRunner2/netcoreapp" className="AbilityKit.Game.Cooking.Tests.CookingConfigurationValidationTests" name="C04_C05_recipe_and_appliance_extensions_are_validated_by_data_without_rule_branches" />
    </UnitTest>
    <UnitTest name="AbilityKit.Game.Cooking.Tests.CookingLanSessionContractTests.L07_queue_cancellation_close_and_dispose_stop_new_ingress_and_emit_unbind_trace" storage="d:\myproject\unityproject\abilitykit\src\abilitykit.game.cooking.tests\bin\debug\net10.0\abilitykit.game.cooking.tests.dll" id="ef54e9be-031f-053c-8123-24a8660cb24d">
      <Execution id="38686b69-3ab1-4f29-8e33-30947d05ccf8" />
      <TestMethod codeBase="D:\MyProject\UnityProject\AbilityKit\src\AbilityKit.Game.Cooking.Tests\bin\Debug\net10.0\AbilityKit.Game.Cooking.Tests.dll" adapterTypeName="executor://xunit/VsTestRunner2/netcoreapp" className="AbilityKit.Game.Cooking.Tests.CookingLanSessionContractTests" name="L07_queue_cancellation_close_and_dispose_stop_new_ingress_and_emit_unbind_trace" />
    </UnitTest>
    <UnitTest name="AbilityKit.Game.Cooking.Tests.CookingMatchLifecycleTests.M02_invalid_layout_and_config_mismatch_do_not_prepare_or_create_gameplay" storage="d:\myproject\unityproject\abilitykit\src\abilitykit.game.cooking.tests\bin\debug\net10.0\abilitykit.game.cooking.tests.dll" id="981f6de9-cd1a-f408-806d-dd5ac045ffe7">
      <Execution id="162bb46a-7e7e-4ccb-b7e0-316e0b6a02ea" />
      <TestMethod codeBase="D:\MyProject\UnityProject\AbilityKit\src\AbilityKit.Game.Cooking.Tests\bin\Debug\net10.0\AbilityKit.Game.Cooking.Tests.dll" adapterTypeName="executor://xunit/VsTestRunner2/netcoreapp" className="AbilityKit.Game.Cooking.Tests.CookingMatchLifecycleTests" name="M02_invalid_layout_and_config_mismatch_do_not_prepare_or_create_gameplay" />
    </UnitTest>
    <UnitTest name="AbilityKit.Game.Cooking.Tests.CookingLanSessionContractTests.Descriptor_captures_immutable_capabilities_and_policy" storage="d:\myproject\unityproject\abilitykit\src\abilitykit.game.cooking.tests\bin\debug\net10.0\abilitykit.game.cooking.tests.dll" id="6dcdf33f-5085-96df-f67b-51be75654577">
      <Execution id="b72c6838-0d5b-4267-996f-7082ba2479b4" />
      <TestMethod codeBase="D:\MyProject\UnityProject\AbilityKit\src\AbilityKit.Game.Cooking.Tests\bin\Debug\net10.0\AbilityKit.Game.Cooking.Tests.dll" adapterTypeName="executor://xunit/VsTestRunner2/netcoreapp" className="AbilityKit.Game.Cooking.Tests.CookingLanSessionContractTests" name="Descriptor_captures_immutable_capabilities_and_policy" />
    </UnitTest>
    <UnitTest name="AbilityKit.Game.Cooking.Tests.CookingInteractionFoundationTests.T04_full_station_rejects_drop_without_losing_hand_item" storage="d:\myproject\unityproject\abilitykit\src\abilitykit.game.cooking.tests\bin\debug\net10.0\abilitykit.game.cooking.tests.dll" id="b0fc33db-e320-68c0-a45f-6b1103136c34">
      <Execution id="a0bd4c1f-56af-4a74-8784-59387d27bdb2" />
      <TestMethod codeBase="D:\MyProject\UnityProject\AbilityKit\src\AbilityKit.Game.Cooking.Tests\bin\Debug\net10.0\AbilityKit.Game.Cooking.Tests.dll" adapterTypeName="executor://xunit/VsTestRunner2/netcoreapp" className="AbilityKit.Game.Cooking.Tests.CookingInteractionFoundationTests" name="T04_full_station_rejects_drop_without_losing_hand_item" />
    </UnitTest>
    <UnitTest name="AbilityKit.Game.Cooking.Tests.CookingPersistenceManagementTests.P10_owner_save_and_exit_policies_remain_blocked_without_default_behavior" storage="d:\myproject\unityproject\abilitykit\src\abilitykit.game.cooking.tests\bin\debug\net10.0\abilitykit.game.cooking.tests.dll" id="1f90ae20-7082-e2b4-52af-e25301d80e13">
      <Execution id="31018044-47a6-4efe-85ee-a9ef9a3cb5f5" />
      <TestMethod codeBase="D:\MyProject\UnityProject\AbilityKit\src\AbilityKit.Game.Cooking.Tests\bin\Debug\net10.0\AbilityKit.Game.Cooking.Tests.dll" adapterTypeName="executor://xunit/VsTestRunner2/netcoreapp" className="AbilityKit.Game.Cooking.Tests.CookingPersistenceManagementTests" name="P10_owner_save_and_exit_policies_remain_blocked_without_default_behavior" />
    </UnitTest>
    <UnitTest name="AbilityKit.Game.Cooking.Tests.CookingMatchLifecycleTests.M01_valid_fixture_layout_prepares_ready_with_configuration_identity" storage="d:\myproject\unityproject\abilitykit\src\abilitykit.game.cooking.tests\bin\debug\net10.0\abilitykit.game.cooking.tests.dll" id="42757047-88be-3f21-195f-54802e97198a">
      <Execution id="64bfde8a-4a4d-43e3-99de-6212deda72f0" />
      <TestMethod codeBase="D:\MyProject\UnityProject\AbilityKit\src\AbilityKit.Game.Cooking.Tests\bin\Debug\net10.0\AbilityKit.Game.Cooking.Tests.dll" adapterTypeName="executor://xunit/VsTestRunner2/netcoreapp" className="AbilityKit.Game.Cooking.Tests.CookingMatchLifecycleTests" name="M01_valid_fixture_layout_prepares_ready_with_configuration_identity" />
    </UnitTest>
    <UnitTest name="AbilityKit.Game.Cooking.Tests.CookingPersistenceManagementTests.P01_confirmed_settlement_mutates_only_long_term_progress_fields" storage="d:\myproject\unityproject\abilitykit\src\abilitykit.game.cooking.tests\bin\debug\net10.0\abilitykit.game.cooking.tests.dll" id="fb53f050-535c-36d6-256f-e3caf19b8cde">
      <Execution id="ecc96fa6-de65-4a8d-a59c-759fdb720e20" />
      <TestMethod codeBase="D:\MyProject\UnityProject\AbilityKit\src\AbilityKit.Game.Cooking.Tests\bin\Debug\net10.0\AbilityKit.Game.Cooking.Tests.dll" adapterTypeName="executor://xunit/VsTestRunner2/netcoreapp" className="AbilityKit.Game.Cooking.Tests.CookingPersistenceManagementTests" name="P01_confirmed_settlement_mutates_only_long_term_progress_fields" />
    </UnitTest>
    <UnitTest name="AbilityKit.Game.Cooking.Tests.CookingConfigurationValidationTests.C02_unknown_capability_and_missing_item_reject_before_any_configuration_is_available" storage="d:\myproject\unityproject\abilitykit\src\abilitykit.game.cooking.tests\bin\debug\net10.0\abilitykit.game.cooking.tests.dll" id="33c7be47-e9b0-bdfb-0dfe-d3d6f4282755">
      <Execution id="b493ffd8-cad9-4312-adef-829274a4047c" />
      <TestMethod codeBase="D:\MyProject\UnityProject\AbilityKit\src\AbilityKit.Game.Cooking.Tests\bin\Debug\net10.0\AbilityKit.Game.Cooking.Tests.dll" adapterTypeName="executor://xunit/VsTestRunner2/netcoreapp" className="AbilityKit.Game.Cooking.Tests.CookingConfigurationValidationTests" name="C02_unknown_capability_and_missing_item_reject_before_any_configuration_is_available" />
    </UnitTest>
    <UnitTest name="AbilityKit.Game.Cooking.Tests.CookingLanSessionContractTests.L09_transport_loss_marks_the_connection_unsynchronized_without_authority_mutation" storage="d:\myproject\unityproject\abilitykit\src\abilitykit.game.cooking.tests\bin\debug\net10.0\abilitykit.game.cooking.tests.dll" id="d92579a9-5349-7beb-352f-da6d166c297e">
      <Execution id="18c88594-ba99-4220-9699-632f9b4a84ed" />
      <TestMethod codeBase="D:\MyProject\UnityProject\AbilityKit\src\AbilityKit.Game.Cooking.Tests\bin\Debug\net10.0\AbilityKit.Game.Cooking.Tests.dll" adapterTypeName="executor://xunit/VsTestRunner2/netcoreapp" className="AbilityKit.Game.Cooking.Tests.CookingLanSessionContractTests" name="L09_transport_loss_marks_the_connection_unsynchronized_without_authority_mutation" />
    </UnitTest>
    <UnitTest name="AbilityKit.Game.Cooking.Tests.CookingInteractionFoundationTests.T07_duplicate_command_is_idempotent" storage="d:\myproject\unityproject\abilitykit\src\abilitykit.game.cooking.tests\bin\debug\net10.0\abilitykit.game.cooking.tests.dll" id="48e302bf-fb26-c973-a4da-539cd3a0c85a">
      <Execution id="d88081a5-f869-44b7-8724-c3309f64d7b3" />
      <TestMethod codeBase="D:\MyProject\UnityProject\AbilityKit\src\AbilityKit.Game.Cooking.Tests\bin\Debug\net10.0\AbilityKit.Game.Cooking.Tests.dll" adapterTypeName="executor://xunit/VsTestRunner2/netcoreapp" className="AbilityKit.Game.Cooking.Tests.CookingInteractionFoundationTests" name="T07_duplicate_command_is_idempotent" />
    </UnitTest>
    <UnitTest name="AbilityKit.Game.Cooking.Tests.CookingNetworkMeasurementTests.N04_application_faults_are_traceable_and_do_not_create_authority_mutations" storage="d:\myproject\unityproject\abilitykit\src\abilitykit.game.cooking.tests\bin\debug\net10.0\abilitykit.game.cooking.tests.dll" id="3c9f38b3-eafc-db8b-9962-b5b1441e49c5">
      <Execution id="52a7407b-0ae3-4138-832e-f97ab0113dcc" />
      <TestMethod codeBase="D:\MyProject\UnityProject\AbilityKit\src\AbilityKit.Game.Cooking.Tests\bin\Debug\net10.0\AbilityKit.Game.Cooking.Tests.dll" adapterTypeName="executor://xunit/VsTestRunner2/netcoreapp" className="AbilityKit.Game.Cooking.Tests.CookingNetworkMeasurementTests" name="N04_application_faults_are_traceable_and_do_not_create_authority_mutations" />
    </UnitTest>
    <UnitTest name="AbilityKit.Game.Cooking.Tests.CookingLanSessionContractTests.L03_rejects_duplicate_player_binding_unknown_assignment_and_malformed_handshake" storage="d:\myproject\unityproject\abilitykit\src\abilitykit.game.cooking.tests\bin\debug\net10.0\abilitykit.game.cooking.tests.dll" id="c47bb93f-addf-fafd-d4bb-f069684bb5e9">
      <Execution id="59adba2a-53cb-4548-8474-fe1385bf66f2" />
      <TestMethod codeBase="D:\MyProject\UnityProject\AbilityKit\src\AbilityKit.Game.Cooking.Tests\bin\Debug\net10.0\AbilityKit.Game.Cooking.Tests.dll" adapterTypeName="executor://xunit/VsTestRunner2/netcoreapp" className="AbilityKit.Game.Cooking.Tests.CookingLanSessionContractTests" name="L03_rejects_duplicate_player_binding_unknown_assignment_and_malformed_handshake" />
    </UnitTest>
    <UnitTest name="AbilityKit.Game.Cooking.Tests.CookingNetworkMeasurementTests.N10_owner_approval_lan_evidence_fallback_and_runtime_prerequisites_each_keep_optimization_blocked" storage="d:\myproject\unityproject\abilitykit\src\abilitykit.game.cooking.tests\bin\debug\net10.0\abilitykit.game.cooking.tests.dll" id="6352a828-898f-f442-19fc-531ed6f8cf44">
      <Execution id="130512cd-d2f2-4c52-900a-8660edae09b0" />
      <TestMethod codeBase="D:\MyProject\UnityProject\AbilityKit\src\AbilityKit.Game.Cooking.Tests\bin\Debug\net10.0\AbilityKit.Game.Cooking.Tests.dll" adapterTypeName="executor://xunit/VsTestRunner2/netcoreapp" className="AbilityKit.Game.Cooking.Tests.CookingNetworkMeasurementTests" name="N10_owner_approval_lan_evidence_fallback_and_runtime_prerequisites_each_keep_optimization_blocked" />
    </UnitTest>
    <UnitTest name="AbilityKit.Game.Cooking.Tests.CookingPersistenceManagementTests.P02_same_identity_is_idempotent_and_conflicting_payload_is_rejected_without_mutation" storage="d:\myproject\unityproject\abilitykit\src\abilitykit.game.cooking.tests\bin\debug\net10.0\abilitykit.game.cooking.tests.dll" id="c0e66e64-3fa6-38cb-4652-e97871f5b8b4">
      <Execution id="f5bbe757-53c1-4f8e-84dc-cbef54db804f" />
      <TestMethod codeBase="D:\MyProject\UnityProject\AbilityKit\src\AbilityKit.Game.Cooking.Tests\bin\Debug\net10.0\AbilityKit.Game.Cooking.Tests.dll" adapterTypeName="executor://xunit/VsTestRunner2/netcoreapp" className="AbilityKit.Game.Cooking.Tests.CookingPersistenceManagementTests" name="P02_same_identity_is_idempotent_and_conflicting_payload_is_rejected_without_mutation" />
    </UnitTest>
    <UnitTest name="AbilityKit.Game.Cooking.Tests.CookingConfigurationValidationTests.C02_invalid_candidate_reports_all_stable_diagnostics_and_keeps_previous_identity" storage="d:\myproject\unityproject\abilitykit\src\abilitykit.game.cooking.tests\bin\debug\net10.0\abilitykit.game.cooking.tests.dll" id="672ce8ca-a9ce-c915-e318-5a8d2a2ebe5b">
      <Execution id="6a3cc691-348c-4dae-b447-0a57486412fb" />
      <TestMethod codeBase="D:\MyProject\UnityProject\AbilityKit\src\AbilityKit.Game.Cooking.Tests\bin\Debug\net10.0\AbilityKit.Game.Cooking.Tests.dll" adapterTypeName="executor://xunit/VsTestRunner2/netcoreapp" className="AbilityKit.Game.Cooking.Tests.CookingConfigurationValidationTests" name="C02_invalid_candidate_reports_all_stable_diagnostics_and_keeps_previous_identity" />
    </UnitTest>
    <UnitTest name="AbilityKit.Game.Cooking.Tests.CookingPersistenceManagementTests.P06_interrupted_write_never_becomes_visible_to_readers" storage="d:\myproject\unityproject\abilitykit\src\abilitykit.game.cooking.tests\bin\debug\net10.0\abilitykit.game.cooking.tests.dll" id="5751ef94-40af-3366-b683-d68d34209f9b">
      <Execution id="bc47b046-15bd-4e23-a0d5-de35f110d03d" />
      <TestMethod codeBase="D:\MyProject\UnityProject\AbilityKit\src\AbilityKit.Game.Cooking.Tests\bin\Debug\net10.0\AbilityKit.Game.Cooking.Tests.dll" adapterTypeName="executor://xunit/VsTestRunner2/netcoreapp" className="AbilityKit.Game.Cooking.Tests.CookingPersistenceManagementTests" name="P06_interrupted_write_never_becomes_visible_to_readers" />
    </UnitTest>
    <UnitTest name="AbilityKit.Game.Cooking.Tests.CookingConfigurationValidationTests.C07_unapproved_schema_migration_is_blocked_without_conversion" storage="d:\myproject\unityproject\abilitykit\src\abilitykit.game.cooking.tests\bin\debug\net10.0\abilitykit.game.cooking.tests.dll" id="8e4b8d07-676a-a1ec-42d5-f0687e2c22ac">
      <Execution id="4c672c0b-04d5-4c8a-aebc-4bb5683df470" />
      <TestMethod codeBase="D:\MyProject\UnityProject\AbilityKit\src\AbilityKit.Game.Cooking.Tests\bin\Debug\net10.0\AbilityKit.Game.Cooking.Tests.dll" adapterTypeName="executor://xunit/VsTestRunner2/netcoreapp" className="AbilityKit.Game.Cooking.Tests.CookingConfigurationValidationTests" name="C07_unapproved_schema_migration_is_blocked_without_conversion" />
    </UnitTest>
    <UnitTest name="AbilityKit.Game.Cooking.Tests.CookingLanSessionContractTests.L08_diagnostics_jsonl_round_trip_and_d1_report_remains_non_decisional" storage="d:\myproject\unityproject\abilitykit\src\abilitykit.game.cooking.tests\bin\debug\net10.0\abilitykit.game.cooking.tests.dll" id="fa22e488-1b78-10af-c7d3-33c1ab7f268b">
      <Execution id="a60e06f3-a434-439e-955a-960b89da984b" />
      <TestMethod codeBase="D:\MyProject\UnityProject\AbilityKit\src\AbilityKit.Game.Cooking.Tests\bin\Debug\net10.0\AbilityKit.Game.Cooking.Tests.dll" adapterTypeName="executor://xunit/VsTestRunner2/netcoreapp" className="AbilityKit.Game.Cooking.Tests.CookingLanSessionContractTests" name="L08_diagnostics_jsonl_round_trip_and_d1_report_remains_non_decisional" />
    </UnitTest>
    <UnitTest name="AbilityKit.Game.Cooking.Tests.CookingLanSessionContractTests.L02_claimed_foreign_identity_and_scope_are_rejected_without_mutation" storage="d:\myproject\unityproject\abilitykit\src\abilitykit.game.cooking.tests\bin\debug\net10.0\abilitykit.game.cooking.tests.dll" id="d64638e6-83d1-79dd-9804-45f9dab2a134">
      <Execution id="973d077b-d4fe-450c-8c9f-1631690aa92e" />
      <TestMethod codeBase="D:\MyProject\UnityProject\AbilityKit\src\AbilityKit.Game.Cooking.Tests\bin\Debug\net10.0\AbilityKit.Game.Cooking.Tests.dll" adapterTypeName="executor://xunit/VsTestRunner2/netcoreapp" className="AbilityKit.Game.Cooking.Tests.CookingLanSessionContractTests" name="L02_claimed_foreign_identity_and_scope_are_rejected_without_mutation" />
    </UnitTest>
    <UnitTest name="AbilityKit.Game.Cooking.Tests.CookingLanSessionContractTests.L04_and_L05_baseline_precedes_delta_and_sequence_failures_become_unsynchronized" storage="d:\myproject\unityproject\abilitykit\src\abilitykit.game.cooking.tests\bin\debug\net10.0\abilitykit.game.cooking.tests.dll" id="17da35f3-d035-248a-ac5f-4670f2fb5f3c">
      <Execution id="b106adf2-5d1f-4be5-8250-75ca3cf7947b" />
      <TestMethod codeBase="D:\MyProject\UnityProject\AbilityKit\src\AbilityKit.Game.Cooking.Tests\bin\Debug\net10.0\AbilityKit.Game.Cooking.Tests.dll" adapterTypeName="executor://xunit/VsTestRunner2/netcoreapp" className="AbilityKit.Game.Cooking.Tests.CookingLanSessionContractTests" name="L04_and_L05_baseline_precedes_delta_and_sequence_failures_become_unsynchronized" />
    </UnitTest>
    <UnitTest name="AbilityKit.Game.Cooking.Tests.CookingRecipeLoopTests.R01_single_input_single_process_three_ticks_plate_and_accepted_order_complete_once" storage="d:\myproject\unityproject\abilitykit\src\abilitykit.game.cooking.tests\bin\debug\net10.0\abilitykit.game.cooking.tests.dll" id="2d742148-5755-f635-a901-9e941fb9d5ba">
      <Execution id="3f445500-82d0-4811-a242-7825d428cb53" />
      <TestMethod codeBase="D:\MyProject\UnityProject\AbilityKit\src\AbilityKit.Game.Cooking.Tests\bin\Debug\net10.0\AbilityKit.Game.Cooking.Tests.dll" adapterTypeName="executor://xunit/VsTestRunner2/netcoreapp" className="AbilityKit.Game.Cooking.Tests.CookingRecipeLoopTests" name="R01_single_input_single_process_three_ticks_plate_and_accepted_order_complete_once" />
    </UnitTest>
    <UnitTest name="AbilityKit.Game.Cooking.Tests.CookingConfigurationValidationTests.diagnostics_are_independent_of_unordered_capability_insertion_order" storage="d:\myproject\unityproject\abilitykit\src\abilitykit.game.cooking.tests\bin\debug\net10.0\abilitykit.game.cooking.tests.dll" id="3be4dabc-70d3-4a85-74ab-2a9ab8995058">
      <Execution id="dac5dbfe-29b1-4763-b0c2-e619427741c2" />
      <TestMethod codeBase="D:\MyProject\UnityProject\AbilityKit\src\AbilityKit.Game.Cooking.Tests\bin\Debug\net10.0\AbilityKit.Game.Cooking.Tests.dll" adapterTypeName="executor://xunit/VsTestRunner2/netcoreapp" className="AbilityKit.Game.Cooking.Tests.CookingConfigurationValidationTests" name="diagnostics_are_independent_of_unordered_capability_insertion_order" />
    </UnitTest>
    <UnitTest name="AbilityKit.Game.Cooking.Tests.CookingMatchLifecycleTests.M06_M07_old_scope_epoch_and_out_of_order_lifecycle_snapshots_do_not_replace_watermark" storage="d:\myproject\unityproject\abilitykit\src\abilitykit.game.cooking.tests\bin\debug\net10.0\abilitykit.game.cooking.tests.dll" id="95460e58-56c8-ad7a-8633-157233864130">
      <Execution id="b331b060-d5a3-464d-8d71-ace93de3c496" />
      <TestMethod codeBase="D:\MyProject\UnityProject\AbilityKit\src\AbilityKit.Game.Cooking.Tests\bin\Debug\net10.0\AbilityKit.Game.Cooking.Tests.dll" adapterTypeName="executor://xunit/VsTestRunner2/netcoreapp" className="AbilityKit.Game.Cooking.Tests.CookingMatchLifecycleTests" name="M06_M07_old_scope_epoch_and_out_of_order_lifecycle_snapshots_do_not_replace_watermark" />
    </UnitTest>
    <UnitTest name="AbilityKit.Game.Cooking.Tests.CookingPersistenceManagementTests.P07_duplicate_revision_readback_is_stable_without_another_logical_commit" storage="d:\myproject\unityproject\abilitykit\src\abilitykit.game.cooking.tests\bin\debug\net10.0\abilitykit.game.cooking.tests.dll" id="d2963569-e8b1-9012-5738-95e0580da188">
      <Execution id="30f5d8e6-d82a-4d02-9b3c-8ae31a737c2d" />
      <TestMethod codeBase="D:\MyProject\UnityProject\AbilityKit\src\AbilityKit.Game.Cooking.Tests\bin\Debug\net10.0\AbilityKit.Game.Cooking.Tests.dll" adapterTypeName="executor://xunit/VsTestRunner2/netcoreapp" className="AbilityKit.Game.Cooking.Tests.CookingPersistenceManagementTests" name="P07_duplicate_revision_readback_is_stable_without_another_logical_commit" />
    </UnitTest>
    <UnitTest name="AbilityKit.Game.Cooking.Tests.CookingMatchLifecycleTests.M03_M04_lifecycle_transitions_restart_into_new_match_and_illegal_operations_do_not_mutate" storage="d:\myproject\unityproject\abilitykit\src\abilitykit.game.cooking.tests\bin\debug\net10.0\abilitykit.game.cooking.tests.dll" id="29fad4a7-054f-75dd-18ce-3da68900068b">
      <Execution id="11c5989f-6bb7-4a0a-b07e-a92fdcfb1425" />
      <TestMethod codeBase="D:\MyProject\UnityProject\AbilityKit\src\AbilityKit.Game.Cooking.Tests\bin\Debug\net10.0\AbilityKit.Game.Cooking.Tests.dll" adapterTypeName="executor://xunit/VsTestRunner2/netcoreapp" className="AbilityKit.Game.Cooking.Tests.CookingMatchLifecycleTests" name="M03_M04_lifecycle_transitions_restart_into_new_match_and_illegal_operations_do_not_mutate" />
    </UnitTest>
    <UnitTest name="AbilityKit.Game.Cooking.Tests.CookingRecipeLoopTests.R02_invalid_input_capability_range_availability_and_incomplete_product_are_mutation_safe" storage="d:\myproject\unityproject\abilitykit\src\abilitykit.game.cooking.tests\bin\debug\net10.0\abilitykit.game.cooking.tests.dll" id="e0c81db9-4fd2-9814-6b5d-aac515dfb4a2">
      <Execution id="5c77489e-26ac-4b9d-96f0-1f5a7d05bc01" />
      <TestMethod codeBase="D:\MyProject\UnityProject\AbilityKit\src\AbilityKit.Game.Cooking.Tests\bin\Debug\net10.0\AbilityKit.Game.Cooking.Tests.dll" adapterTypeName="executor://xunit/VsTestRunner2/netcoreapp" className="AbilityKit.Game.Cooking.Tests.CookingRecipeLoopTests" name="R02_invalid_input_capability_range_availability_and_incomplete_product_are_mutation_safe" />
    </UnitTest>
    <UnitTest name="AbilityKit.Game.Cooking.Tests.CookingInteractionFoundationTests.T06_contention_selects_the_same_stable_winner_on_every_run" storage="d:\myproject\unityproject\abilitykit\src\abilitykit.game.cooking.tests\bin\debug\net10.0\abilitykit.game.cooking.tests.dll" id="301ac187-ca90-18f5-2d13-5b93ec1290ef">
      <Execution id="ba1b7442-1f41-44be-83de-93a34c48171d" />
      <TestMethod codeBase="D:\MyProject\UnityProject\AbilityKit\src\AbilityKit.Game.Cooking.Tests\bin\Debug\net10.0\AbilityKit.Game.Cooking.Tests.dll" adapterTypeName="executor://xunit/VsTestRunner2/netcoreapp" className="AbilityKit.Game.Cooking.Tests.CookingInteractionFoundationTests" name="T06_contention_selects_the_same_stable_winner_on_every_run" />
    </UnitTest>
  </TestDefinitions>
  <TestEntries>
    <TestEntry testId="5a4dae14-a728-f2c6-797a-8c11b5d16730" executionId="244f4962-8cc8-48ac-aec7-c9d3a45c55cb" testListId="8c84fa94-04c1-424b-9868-57a2d4851a1d" />
    <TestEntry testId="d92579a9-5349-7beb-352f-da6d166c297e" executionId="18c88594-ba99-4220-9699-632f9b4a84ed" testListId="8c84fa94-04c1-424b-9868-57a2d4851a1d" />
    <TestEntry testId="69655d25-5de4-f687-88ca-4c8d8c23be62" executionId="673ad833-c8b2-4589-99da-1c84b60cc0ce" testListId="8c84fa94-04c1-424b-9868-57a2d4851a1d" />
    <TestEntry testId="2dd794a3-99fd-0d50-4d32-35a809ed4927" executionId="8e21fbad-40bd-46cc-bf3f-a7209438bf41" testListId="8c84fa94-04c1-424b-9868-57a2d4851a1d" />
    <TestEntry testId="aa6ae7c6-4415-cd93-d18d-987437b8be2e" executionId="c05dee25-6bea-49ef-98c4-d8438c1fe7ac" testListId="8c84fa94-04c1-424b-9868-57a2d4851a1d" />
    <TestEntry testId="c0e66e64-3fa6-38cb-4652-e97871f5b8b4" executionId="f5bbe757-53c1-4f8e-84dc-cbef54db804f" testListId="8c84fa94-04c1-424b-9868-57a2d4851a1d" />
    <TestEntry testId="a01f38b6-b08b-c0b4-d844-fb5f0b0d6cb2" executionId="961cb5c5-d011-4e2a-9f3f-49edf1a09717" testListId="8c84fa94-04c1-424b-9868-57a2d4851a1d" />
    <TestEntry testId="fb53f050-535c-36d6-256f-e3caf19b8cde" executionId="ecc96fa6-de65-4a8d-a59c-759fdb720e20" testListId="8c84fa94-04c1-424b-9868-57a2d4851a1d" />
    <TestEntry testId="95460e58-56c8-ad7a-8633-157233864130" executionId="b331b060-d5a3-464d-8d71-ace93de3c496" testListId="8c84fa94-04c1-424b-9868-57a2d4851a1d" />
    <TestEntry testId="ee544e95-7278-d2b2-6e75-bcc9e1415165" executionId="dc7af767-0fbc-4afc-a317-82e6a96a5296" testListId="8c84fa94-04c1-424b-9868-57a2d4851a1d" />
    <TestEntry testId="a79a77c4-7b89-2b9f-2b5e-dc4c353035b1" executionId="2b9ac315-abc5-4553-9301-20ee6441207e" testListId="8c84fa94-04c1-424b-9868-57a2d4851a1d" />
    <TestEntry testId="bb81b639-17b4-6151-6f61-f74daa3a32a1" executionId="0671961f-232d-4dfa-a007-172b9424f24f" testListId="8c84fa94-04c1-424b-9868-57a2d4851a1d" />
    <TestEntry testId="2d742148-5755-f635-a901-9e941fb9d5ba" executionId="3f445500-82d0-4811-a242-7825d428cb53" testListId="8c84fa94-04c1-424b-9868-57a2d4851a1d" />
    <TestEntry testId="17da35f3-d035-248a-ac5f-4670f2fb5f3c" executionId="b106adf2-5d1f-4be5-8250-75ca3cf7947b" testListId="8c84fa94-04c1-424b-9868-57a2d4851a1d" />
    <TestEntry testId="48e302bf-fb26-c973-a4da-539cd3a0c85a" executionId="d88081a5-f869-44b7-8724-c3309f64d7b3" testListId="8c84fa94-04c1-424b-9868-57a2d4851a1d" />
    <TestEntry testId="a997a01b-6a8b-c962-d2a1-5118cbe3439f" executionId="c7781c0a-7a11-42d5-9447-e36d188cc4dd" testListId="8c84fa94-04c1-424b-9868-57a2d4851a1d" />
    <TestEntry testId="8b031df4-83ca-7e5a-2b61-21d19364664b" executionId="64ed3a6c-614b-4410-8758-31d3596d7468" testListId="8c84fa94-04c1-424b-9868-57a2d4851a1d" />
    <TestEntry testId="1ca31eb0-aec2-7f10-88ae-697689f7345f" executionId="45a36f56-d5a5-482b-9bbe-c0d09d9e1688" testListId="8c84fa94-04c1-424b-9868-57a2d4851a1d" />
    <TestEntry testId="9305b0ff-c894-814a-ea29-7d43c21bd532" executionId="07a14b64-97dc-4048-bd87-67d2f91d9113" testListId="8c84fa94-04c1-424b-9868-57a2d4851a1d" />
    <TestEntry testId="b63664ae-b7bd-b1c9-5376-fb5a91cfe733" executionId="e4ccc37f-e79f-4f58-b683-a2adf71684a3" testListId="8c84fa94-04c1-424b-9868-57a2d4851a1d" />
    <TestEntry testId="0f4046c2-2508-3551-3190-bbadd41b690f" executionId="a864b182-c837-4b7f-8ac5-8948a84e004a" testListId="8c84fa94-04c1-424b-9868-57a2d4851a1d" />
    <TestEntry testId="5751ef94-40af-3366-b683-d68d34209f9b" executionId="bc47b046-15bd-4e23-a0d5-de35f110d03d" testListId="8c84fa94-04c1-424b-9868-57a2d4851a1d" />
    <TestEntry testId="1f90ae20-7082-e2b4-52af-e25301d80e13" executionId="31018044-47a6-4efe-85ee-a9ef9a3cb5f5" testListId="8c84fa94-04c1-424b-9868-57a2d4851a1d" />
    <TestEntry testId="2c608a2d-4a47-b934-05ca-184d3036a6e4" executionId="e03574c2-0ed3-40d3-be9f-1a3f629948cc" testListId="8c84fa94-04c1-424b-9868-57a2d4851a1d" />
    <TestEntry testId="4152dce8-cc1b-b2e2-dcea-719db3460605" executionId="1701e4e1-2120-4a72-9dd3-077e97182f95" testListId="8c84fa94-04c1-424b-9868-57a2d4851a1d" />
    <TestEntry testId="031968f2-e83d-b8fa-052a-322e0ff93166" executionId="c7f2d9ff-842c-4e08-97d7-a494fe60be8b" testListId="8c84fa94-04c1-424b-9868-57a2d4851a1d" />
    <TestEntry testId="b0fc33db-e320-68c0-a45f-6b1103136c34" executionId="a0bd4c1f-56af-4a74-8784-59387d27bdb2" testListId="8c84fa94-04c1-424b-9868-57a2d4851a1d" />
    <TestEntry testId="6352a828-898f-f442-19fc-531ed6f8cf44" executionId="130512cd-d2f2-4c52-900a-8660edae09b0" testListId="8c84fa94-04c1-424b-9868-57a2d4851a1d" />
    <TestEntry testId="bc6c40bf-e7eb-825e-a4de-4e49537e715b" executionId="0764ec9d-3a33-4e25-ad79-1e52cd3edcc5" testListId="8c84fa94-04c1-424b-9868-57a2d4851a1d" />
    <TestEntry testId="fa22e488-1b78-10af-c7d3-33c1ab7f268b" executionId="a60e06f3-a434-439e-955a-960b89da984b" testListId="8c84fa94-04c1-424b-9868-57a2d4851a1d" />
    <TestEntry testId="33c7be47-e9b0-bdfb-0dfe-d3d6f4282755" executionId="b493ffd8-cad9-4312-adef-829274a4047c" testListId="8c84fa94-04c1-424b-9868-57a2d4851a1d" />
    <TestEntry testId="d2963569-e8b1-9012-5738-95e0580da188" executionId="30f5d8e6-d82a-4d02-9b3c-8ae31a737c2d" testListId="8c84fa94-04c1-424b-9868-57a2d4851a1d" />
    <TestEntry testId="c3014698-46df-29a1-c94c-4e4dbc8f1f05" executionId="bcdaa548-8daf-46cf-899c-acc4a3762063" testListId="8c84fa94-04c1-424b-9868-57a2d4851a1d" />
    <TestEntry testId="6dcdf33f-5085-96df-f67b-51be75654577" executionId="b72c6838-0d5b-4267-996f-7082ba2479b4" testListId="8c84fa94-04c1-424b-9868-57a2d4851a1d" />
    <TestEntry testId="fd928323-244a-889d-3325-f8c83b40daaf" executionId="a7317a24-2093-4334-86e9-5ece7220c785" testListId="8c84fa94-04c1-424b-9868-57a2d4851a1d" />
    <TestEntry testId="672ce8ca-a9ce-c915-e318-5a8d2a2ebe5b" executionId="6a3cc691-348c-4dae-b447-0a57486412fb" testListId="8c84fa94-04c1-424b-9868-57a2d4851a1d" />
    <TestEntry testId="2e3d3822-85cb-4c0f-b730-f2cf9b71611d" executionId="397154af-c490-4c1a-bad8-829194e22b70" testListId="8c84fa94-04c1-424b-9868-57a2d4851a1d" />
    <TestEntry testId="3c9f38b3-eafc-db8b-9962-b5b1441e49c5" executionId="52a7407b-0ae3-4138-832e-f97ab0113dcc" testListId="8c84fa94-04c1-424b-9868-57a2d4851a1d" />
    <TestEntry testId="c47bb93f-addf-fafd-d4bb-f069684bb5e9" executionId="59adba2a-53cb-4548-8474-fe1385bf66f2" testListId="8c84fa94-04c1-424b-9868-57a2d4851a1d" />
    <TestEntry testId="cd796def-0498-b845-68a9-f6cdd0067cff" executionId="90e1208e-e07e-486b-b6da-d19644cd3bdb" testListId="8c84fa94-04c1-424b-9868-57a2d4851a1d" />
    <TestEntry testId="d6092366-112d-06ca-5341-7926bda1ecb1" executionId="e308a310-bd2f-4605-b85e-cf5f65645ff9" testListId="8c84fa94-04c1-424b-9868-57a2d4851a1d" />
    <TestEntry testId="d64638e6-83d1-79dd-9804-45f9dab2a134" executionId="973d077b-d4fe-450c-8c9f-1631690aa92e" testListId="8c84fa94-04c1-424b-9868-57a2d4851a1d" />
    <TestEntry testId="758df49f-daab-5395-2126-e979e41741d4" executionId="6e610012-af32-4798-98c4-e917fcd14848" testListId="8c84fa94-04c1-424b-9868-57a2d4851a1d" />
    <TestEntry testId="8e4b8d07-676a-a1ec-42d5-f0687e2c22ac" executionId="4c672c0b-04d5-4c8a-aebc-4bb5683df470" testListId="8c84fa94-04c1-424b-9868-57a2d4851a1d" />
    <TestEntry testId="798ddc35-ac99-239f-110c-f5b6f5a02fb8" executionId="c1fe09a5-78ee-40ae-b0f6-b3b13f1c818c" testListId="8c84fa94-04c1-424b-9868-57a2d4851a1d" />
    <TestEntry testId="f07e4953-f04d-2a2a-01f5-d31ab7fb0b0e" executionId="ad1fffb3-0de5-441d-8798-c4537011e8dc" testListId="8c84fa94-04c1-424b-9868-57a2d4851a1d" />
    <TestEntry testId="301ac187-ca90-18f5-2d13-5b93ec1290ef" executionId="ba1b7442-1f41-44be-83de-93a34c48171d" testListId="8c84fa94-04c1-424b-9868-57a2d4851a1d" />
    <TestEntry testId="f8a8ff4c-520c-1359-09d9-bf1bb1adde63" executionId="634a1296-2902-418d-9d79-f126a2e16d72" testListId="8c84fa94-04c1-424b-9868-57a2d4851a1d" />
    <TestEntry testId="8baa8642-849c-ff64-da23-ab4111c8b64b" executionId="8c498ba7-5ca7-4d1e-a6e8-b32515dcbec5" testListId="8c84fa94-04c1-424b-9868-57a2d4851a1d" />
    <TestEntry testId="29fad4a7-054f-75dd-18ce-3da68900068b" executionId="11c5989f-6bb7-4a0a-b07e-a92fdcfb1425" testListId="8c84fa94-04c1-424b-9868-57a2d4851a1d" />
    <TestEntry testId="42757047-88be-3f21-195f-54802e97198a" executionId="64bfde8a-4a4d-43e3-99de-6212deda72f0" testListId="8c84fa94-04c1-424b-9868-57a2d4851a1d" />
    <TestEntry testId="981f6de9-cd1a-f408-806d-dd5ac045ffe7" executionId="162bb46a-7e7e-4ccb-b7e0-316e0b6a02ea" testListId="8c84fa94-04c1-424b-9868-57a2d4851a1d" />
    <TestEntry testId="3be4dabc-70d3-4a85-74ab-2a9ab8995058" executionId="dac5dbfe-29b1-4763-b0c2-e619427741c2" testListId="8c84fa94-04c1-424b-9868-57a2d4851a1d" />
    <TestEntry testId="ef54e9be-031f-053c-8123-24a8660cb24d" executionId="38686b69-3ab1-4f29-8e33-30947d05ccf8" testListId="8c84fa94-04c1-424b-9868-57a2d4851a1d" />
    <TestEntry testId="e0c81db9-4fd2-9814-6b5d-aac515dfb4a2" executionId="5c77489e-26ac-4b9d-96f0-1f5a7d05bc01" testListId="8c84fa94-04c1-424b-9868-57a2d4851a1d" />
    <TestEntry testId="1b3690e5-11ab-69a4-ac19-7e888b9db3db" executionId="f8638b06-1df4-4fd6-9506-d783f420ba01" testListId="8c84fa94-04c1-424b-9868-57a2d4851a1d" />
    <TestEntry testId="72fd7841-df86-4d35-88f4-d34e9711cf24" executionId="6006e9b4-b02b-4c67-ac82-166cabd33853" testListId="8c84fa94-04c1-424b-9868-57a2d4851a1d" />
  </TestEntries>
  <TestLists>
    <TestList name="列表中未列出的结果" id="8c84fa94-04c1-424b-9868-57a2d4851a1d" />
    <TestList name="所有已加载的结果" id="19431567-8539-422a-85d7-44ee4e166bda" />
  </TestLists>
  <ResultSummary outcome="Completed">
    <Counters total="57" executed="57" passed="57" failed="0" error="0" timeout="0" aborted="0" inconclusive="0" passedButRunAborted="0" notRunnable="0" notExecuted="0" disconnected="0" warning="0" completed="0" inProgress="0" pending="0" />
    <Output>
      <StdOut>[xUnit.net 00:00:00.00] xUnit.net VSTest Adapter v2.8.2+699d445a1a (64-bit .NET 10.0.9)&#xD;
[xUnit.net 00:00:00.36]   Discovering: AbilityKit.Game.Cooking.Tests&#xD;
[xUnit.net 00:00:00.42]   Discovered:  AbilityKit.Game.Cooking.Tests&#xD;
[xUnit.net 00:00:00.42]   Starting:    AbilityKit.Game.Cooking.Tests&#xD;
[xUnit.net 00:00:00.78]   Finished:    AbilityKit.Game.Cooking.Tests&#xD;
</StdOut>
    </Output>
  </ResultSummary>
</TestRun>